[    0.000000] Initializing cgroup subsys cpuset
[    0.000000] Initializing cgroup subsys cpu
[    0.000000] Initializing cgroup subsys cpuacct
[    0.000000] Linux version 4.4.0-134-generic (buildd@lgw01-amd64-033) (gcc version 5.4.0 20160609 (Ubuntu 5.4.0-6ubuntu1~16.04.10) ) #160-Ubuntu SMP Wed Aug 15 1:58:0 UTC 2018 (Ubuntu 4.4.0-134.160-generic 4.4.140)
[    0.000000] Command line: BOOT_IMAGE=/boot/vmlinuz-4.4.0-134-generic root=LABEL=cloudimg-rootfs ro console=tty1 console=ttyS0
[    0.000000] KERNEL supported cpus:
[    0.000000]   Intel GenuineIntel
[    0.000000]   AMD AuthenticAMD
[    0.000000]   Centaur CentaurHauls
[    0.000000] x86/fpu: xstate_offset[2]:  76, xstate_sizes[2]:  256
[    0.000000] x86/fp: Supporting XSAVE feature 0x01: 'x87 floating point registers'
[    0.000000] x86/fpu: Supporting XSAVE feature 0x02: 'SSE registers'
[    0.000000] x86/fpu:Supportig XSAE feature 0x04: 'AVX registers'
[    0.000000] x86/fpu: Enabled xstate features 0x7, context size is 832 bytes, using 'standad' formt.
[    .000000] e820: BIOS-provided pysical RM map:
[    0.00000] BIOS-e820: [mem 0x0000000000000000-0x000000000009fbff] usable
[    0.000000] BIOS-e820: [mem 0x000000000009fc00-0x000000000009ffff] reserved
[    0.000000] BIOS-e820: [mem 0x00000000000f0000-0x00000000000fffff] reserved
[    0.000000] BIOS-e820: [mem 0x000000000100000-0x00000003ffefff] usable
[    0.000000] BIOS-e820: [mem 0x000000003fff0000-0x000000003fffffff] ACPI data
[    0.000000] BIOS-e820: [mem 0x00000000fec00000-0x00000000fec00fff] eserved
[    0.000000] BIOS-e820: [mem 0x00000000fee00000-0x00000000fee00fff] reserved
[    .000000] BIOS-e820: [mem 0x00000000fffc0000-0x00000000ffffffff] reserved
[    0.000000] NX (Execute Disable) protection: active
[    0.000000] SMBIOS 2.5 present.
[    000000] Hyperviso detected: KVM
[    0.000000] e820: lastpfn = 0x3ff0 max_arch_pfn = 0x400000000
[    0.000000] MTRR: Disbled
[    0.000000] 86/PAT: MTRRs isabld, skipping PAT initialization too.
[    0.000000] CPU MTRRs all blank - virtualized system.
[    0.000000] x86/PAT: Configuration [0-7]: WB  WT  UC- UC  WB  WT  UC- UC  
[    .000000] found SMP MP-table at [mem0x0009fff0-0x0009ffff] mapped at [ffff88000009fff0
[    0.000000] Scanning 1 areas orlow memory corrupton
[    0.00000] RAMDISK: [mem 0x3630c000-0x3717dfff]
[    0.000000] ACPI: Early table checksum verification disabled
[    0.000000] ACPI: RSDP 0x00000000000E0000 000024 (v02 VBOX  )
[    0.000000] ACPI: XSDT 0x000000003FFF0030 00003C (v01 VBOX   VBOXXSDT 00000001 ASL  00000061)
[    0.000000] ACPI: FACP 0x000000003FFF00F0 0000F4 (v04 VBOX   VBOXFACP 00000001 ASL  00000061)
[    0.000000] ACPI: DSDT 0x000000003FFF0470 0021FF (v02 VBOX   VBOXBIOS 00000002 INTL 20100528)
[    0.000000] ACPI: FACS 0x000000003FFF0200 000040
[    0.000000] ACPI: FACS 0x000000003FFF0200 000040
[    0.000000] ACPI: APIC 0x000000003FFF0240 00005C (v02 VBOX   VBOXAPIC 00000001 ASL  00000061)
[    0.000000] ACPI: SSDT 0x000000003FFF02A0 0001CC (v01 VBOX   VBOXCPUT 00000002 INTL 20100528)
[    0.000000] No NUMA configuration found
[    0.000000] Faking a node at [mem 0x0000000000000000-0x000000003ffeffff]
[    0.000000] NODE_DATA(0) allocated [mem 0x3ffeb000-0x3ffeffff]
[    0.000000] kvm-clock: Using msrs 4b564d01 and 4b564d00
[    0.000000] kvm-clock: cpu 0, msr 0:3ffe3001, primary cpu clock
[    0.000000] kvm-clock: using schedofset of 3828666944 cycles
[   0.000000] clocksource: kvm-clock: mask: 0xffffffffffffffff max_cycles: 0x1cd42e4dffb, max_idle_ns: 881590591483 ns
[    0.000000] Zone ranges:
[    0.000000]   DMA      [mem 0x000000000001000-0x0000000000ffffff]
[    0.000000   DMA32   [mem 0x0000000001000000-0x000000003ffeffff]
[    0.000000]   Normal   empty
[    0.000000]   Devicce   empty
[    0.000000] Movable zone start for each node
[    0.000000] Early memory node ranges
[    0.000000]   node   0: [mem 0x0000000000001000-0x000000000009efff]
[    0.000000]   node   0: [mem 0x0000000000100000-0x000000003ffeffff]
[    0.000000] Initmem setup node 0 [mem 0x0000000000001000-0x000000003ffeffff]
[    0.000000] ACPI: PM-Timer IO Port: 0x4008
[    0.000000] IOAPIC0]: apic_id 2, version 3, address 0xfec00000, GSI 0-23
[    0.000000] ACPI: INT_SRC_OVR (bus 0 busirq 0 global_ir 2 dfl dfl)
[    0.000000] ACPI: INT_SRC_OVR (bus 0 bus_irq 9 global_irq 9 low level)
[    0.000000] Using ACPI (MADTT) for SMP configuration information
[    0.000000] smpboot: Allowing 2 CPUs, 0 hotplug CPUs
[    0.000000] PM: Registered nosave memory: [mem 0x00000000-0x00000fff]
[    0.000000] PM: Registerd nosave memory: [mem 0x0009f000-0x0009ffff]
[    0.000000] PM: Registered nosave mmemory: [mem 0x000a0000-0x000effff]
[    0.000000] PM: Registered nosave memory: [mem 0x000f0000-0x000fffff]
[    0.000000] e820: [mem 0x40000000-0xfebfffff] available for PCI devices
[    0.000000] Booting paravirtualied kernel on KVM
[    0.000000] clocksource: refined-jiffies: mask: 0xffffffff max_cycles: 0xffffffff, max_idle_ns: 7645519600211568 ns
[    0.000000] setup_percpu: NR_CPUS:512 nr_cpumask_bits:512 nr_cpu_ids:2 nr_node_ids:1
[    0.000000] PERCPU: Embedded 34 pages/cpu @ffff88003c00000 s99544 r8192 d31528 u1048576
[    .000000] PV qspinlock hash table entries: 256 (order: 0, 4096 bytes)
[    0.000000] Built 1 zonelists in Node order, mobility grouping on.  Total pages: 257912
[    0.000000] Policy zone: DMA32
[    0.000000] Kernel command line: BOOT_IMAGE=/boot/vmlinuz-4.4.0-134-generic root=LABEL=cloudimg-rootfs ro console=tty1 console=ttyS0
[    0.00000] PID hash table entries: 4096 (order: 3, 32768 bytes)
[    0.000000] Memory: 997724K/1048120K available (8554K kernel code, 1314K rwdata, 4004K rodata, 1516K init, 1316K bss, 50396K reserved, 0K cma-reserved)
[    0.000000] SLUB: HWalign=64, Order=0-3, MinObjects=0, CPUs=2, Nodes=1
[    0.000000] Kernel/User page tables isolation: enabled
[    0.000000] Hierarchical RCU implementation.
[    0.000000] 	Build-time adjustment of leaf fanout to 64.
[    0.000000] 	RCU restricting CPUs from NR_CPUS=512 to nr_cpu_ids=2.
[    0.000000] RCU: Adjusting geometry for rcu_fanout_leaf=64, nr_cpu_ids=2
[    0.000000] NR_IRQS:33024 nr_irqs:440 16
[    0.000000] Console: colour VGA+ 80x25
[    0.000000] console [tty1] enabled
[    0.000000] console [ttyS0] enabled
[    0.000000] tsc: Detected 1599.99 MHz processor
[    1.304341] Calibrating delay loop (skipped) preset value.. 3199.99 BogoMIPS (lpj=6399996)
[    1.320137] pid_max: default: 32768 minimum: 301
[    1.324488] ACPI: Core revision 20150930
[    1.328304] ACPI: 2 ACPI AML tables successfully acquired and loaded
[    1.332254] Security Framework initialized
[    1.334366] Yama: becoming mindful.
[    1.339343] AppArmor: AppArmor initialized
[    1.346864] Dentry cache hash table entries: 131072 (order: 8, 1048576 bytes)
[    1.359939] Inode-cache hash table entries: 65536 (order: 7, 524288 bytes)
[    1.363097] Mount-cache hash table entries: 2048 (order: 2, 16384 bytes)
[    1.366650] Mountpoint-cache hash table entries: 2048 (order: 2, 16384 bytes)
[    1.370309] Initializing cgroup subsys io
[    1.376364] Initializing cgroup subsys memory
[    1.380074] Initializing cgroup subsys devices
[    1.384968] Initializing cgroup subsys freezer
[    1.392553] Initializing cgroup subsys net_cls
[    1.394837] Initializing cgroup subsys perf_event
[    1.397063] Initializing cgroup subsys net_prio
[    1.399496] Initializing cgroup subsys hugetlb
[    1.401854] Initializing cgroup subsys pids
[    1.405439] mce: CPU supports 0 MCE banks
[    1.407553] Last level iTLB entries: 4KB 64, 2MB 8, 4MB 8
[    1.410196] Last level dTLB entries: 4KB 64, 2MB 0, 4MB 0, 1GB 4
[    1.412438] Spectre V2 : Mitigation: Full generic retpoline
[    1.418443] Spectre V2 : Speculation control IBPB not-supported IBRS not-supported
[    1.427887] Speculative Store Bypass: Vulnerable
[    1.432850] Freeing SMP alternatives memory: 32K
[    1.449209] ftrace: allocating 32266 entries in 127 pages
[    1.513079] smpboot: APIC(0) Converting physical 0 to logical package 0
[    1.516598] smpboot: Max logical packages: 1
[    1.519197] x2apic enabled
[    1.526665] Switched APIC routing to physical x2apic.
[    1.531865] ..TIMER: vector=0x30 apic1=0 pin1=2 apic2=-1 pin2=-1
[    1.642710] smpboot: CPU0: Intel(R) Core(TM) i5-5250U CPU @ 1.60GHz (family: 0x6, model: 0x3d, stepping: 0x4)
[    1.658291] Performance Events: unsupported p6 CPU model 61 no PMU driver, software events only.
[    1.662896] KVM setup paravirtual spinlock
[    1.665933] x86: Booting SMP configuration:
[    1.668661] .... node  #0, CPUs:      #1
[    1.671074] kvm-clock: cpu 1, msr 0:3ffe3041, secondary cpu clock
[    1.673782] mce: CPU supports 0 MCE banks
[    1.676895] x86: Booted up 1 node, 2 CPUs
[    1.679147] smpboot: Total of 2 processors activated (6399.99 BogoMIPS)
[    1.689810] devtmpfs: initialized
[    1.693844] evm: security.selinux
[    1.696327] evm: security.SMACK64
[    1.704016] evm: security.SMACK64EXEC
[    1.705684] evm: security.SMACK64TRANSMUTE
[    1.707642] evm: security.SMACK64MMAP
[    1.709220] evm: security.ima
[    1.710544] evm: security.capability
[    1.712333] clocksource: jiffies: mask: 0xffffffff max_cycles: 0xffffffff, max_idle_ns: 7645041785100000 ns
[    1.717855] futex hash table entries: 512 (order: 3, 32768 bytes)
[    1.722707] pinctrl core: initialized pinctrl subsystem
[    1.727562] RTC time: 13:26:49, date: 09/13/18
[    1.730733] NET: Registered protocol family 16
[    1.746500] cpuidle: using governor ladder
[    1.758421] cpuidle: using governor menu
[    1.762961] PCCT header not found.
[    1.766948] ACPI: bus type PCI registered
[    1.770537] acpiphp: ACPI Hot Plug PCI Controller Driver version: 0.5
[    1.774191] PCI: Using configuration type 1 for base access
[    1.792374] ACPI: Added _OSI(Module Device)
[    1.798410] ACPI: Added _OSI(Processor Device)
[    1.803979] ACPI: Added _OSI(3.0 _SCP Extensions)
[    1.806733] ACPI: Added _OSI(Processor Aggregator Device)
[    1.811146] ACPI: Executed 1 blocks of module-level executable AML code
[    1.819365] ACPI: Interpreter enabled
[    1.821869] ACPI: (supports S0 S5)
[    1.823519] ACPI: Using IOAPIC for interrupt routing
[    1.826181] PCI: Using host bridge windows from ACPI; if necessary, use "pci=nocrs" and report a bug
[    1.836363] ACPI: PCI Root Bridge [PCI0] (domain 0000 [bus 00-ff])
[    1.838964] acpi PNP0A03:00: _OSC: OS supports [ASPM ClockPM Segments MSI]
[    1.841410] acpi PNP0A03:00: _OSC: not requesting OS control; OS requires [ExtendedConfig ASPM ClockPM MSI]
[    1.850900] acpi PNP0A03:00: fail to add MMCONFIG information, can't access extended PCI configuration space under this bridge.
[    1.858779] PCI host bridge to bus 0000:00
[    1.866115] pci_bus 0000:00: root bus resource [io  0x0000-0x0cf7 window]
[    1.874088] pci_bus 0000:00: root bus resource [io  0x0d00-0xffff window]
[    1.877777] pci_bus 0000:00: root bus resource [mem 0x000a0000-0x000bffff window]
[    1.881961] pci_bus 0000:00: root bus resource [mem 0x40000000-0xfdffffff window]
[    1.886097] pci_bus 0000:00: root bus resource [bus 00-ff]
[    1.893577] pci 0000:00:01.1: legacy IDE quirk: reg 0x10: [io  0x01f0-0x01f7]
[    1.899359] pci 0000:00:01.1: legacy IDE quirk: reg 0x14: [io  0x03f6]
[    1.906013] pci 0000:00:01.1: legacy IDE quirk: reg 0x18: [io  0x0170-0x0177]
[    1.911006] pci 0000:00:01.1: legacy IDE quirk: reg 0x1c: [io  0x0376]
[    1.940214] pci 0000:00:07.0: quirk: [io  0x4000-0x403f] claimed by PIIX4 ACPI
[    1.962889] pci 0000:00:07.0: quirk: [io  0x4100-0x410f] claimed by PIIX4 SMB
[    1.990254] ACPI: PCI Interrupt Link [LNKA] (IRQs 5 9 10 *11)
[    1.993813] ACPI: PCI Interrupt Link [LNKB] (IRQs 5 9 *10 11)
[    1.997230] ACPI: PCI Interrupt Link [LNKC] (IRQs 5 *9 10 11)
[    2.000675] ACPI: PCI Interrupt Link [LNKD] (IRQs 5 9 10 *11)
[    2.004335] ACPI: Enabled 2 GPEs in block 00 to 07
[    2.007582] vgaarb: setting as boot device: PCI:0000:00:02.0
[    2.010948] vgaarb: device added: PCI:0000:00:02.0,decodes=io+mem,owns=io+mem,locks=none
[    2.024211] vgaarb: loaded
[    2.026653] vgaarb: bridge control possible 0000:00:02.0
[    2.036965] SCSI subsystem initialized
[    2.049536] ACPI: bus type USB registered
[    2.057207] usbcore: registered new interface driver usbfs
[    2.069629] usbcore: registered new interface driver hub
[    2.076419] usbcore: registered new device driver usb
[    2.092761] PCI: Using ACPI for IRQ routing
[    2.100241] NetLabel: Initializing
[    2.105545] NetLabel:  domain hash size = 128
[    2.113010] NetLabel:  protocols = UNLABELED CIPSOv4
[    2.119919] NetLabel:  unlabeled traffic allowed by default
[    2.130803] amd_nb: Cannot enumerate AMD northbridges
[    2.133499] clocksource: Switched to clocksource kvm-clock
[    2.150412] AppArmor: AppArmor Filesystem Enabled
[    2.153006] pnp: PnP ACPI init
[    2.162191] pnp: PnP ACPI: found 3 devices
[    2.170577] clocksource: acpi_pm: mask: 0xffffff max_cycles: 0xffffff, max_idle_ns: 2085701024 ns
[    2.176554] NET: Registered protocol family 2
[    2.179886] TCP established hash table entries: 8192 (order: 4, 65536 bytes)
[    2.184803] TCP bind hash table entries: 8192 (order: 5, 131072 bytes)
[    2.188014] TCP: Hash tables configured (established 8192 bind 8192)
[    2.199454] UDP hash table entries: 512 (order: 2, 16384 bytes)
[    2.207139] UDP-Lite hash table entries: 512 (order: 2, 16384 bytes)
[    2.211240] NET: Registered protocol family 1
[    2.213768] pci 0000:00:00.0: Limiting direct PCI/PCI transfers
[    2.217661] pci 0000:00:01.0: Activating ISA DMA hang workarounds
[    2.221264] Unpacking initramfs...
[    2.502370] Freeing initrd memory: 14792K
[    2.507747] RAPL PMU detected, API unit is 2^-32 Joules, 4 fixed counters 10737418240 ms ovfl timer
[    2.511508] hw unit of domain pp0-core 2^-0 Joules
[    2.513157] hw unit of domain package 2^-0 Joules
[    2.514818] hw unit of domain dram 2^-0 Joules
[    2.516517] hw unit of domain pp1-gpu 2^-0 Joules
[    2.518283] platform rtc_cmos: registered platform RTC device (no PNP device found)
[    2.520910] Scanning for low memory corruption every 60 seconds
[    2.523773] audit: initializing netlink subsys (disabled)
[    2.531728] audit: type=2000 audit(1536845214.154:1): initialized
[    2.551700] Initialise system trusted keyring
[    2.555452] HugeTLB registered 2 MB page size, pre-allocated 0 pages
[    2.563895] zbud: loaded
[    2.571112] VFS: Disk quotas dquot_6.6.0
[    2.578800] VFS: Dquot-cache hash table entries: 512 (order 0, 4096 bytes)
[    2.585260] squashfs: version 4.0 (2009/01/31) Phillip Lougher
[    2.589242] fuse init (API version 7.23)
[    2.590933] Key type big_key registered
[    2.592309] Allocating IMA MOK and blacklist keyrings.
[    2.596297] Key type asymmetric registered
[    2.597814] Asymmetric key parser 'x509' registered
[    2.599718] Block layer SCSI generic (bsg) driver version 0.4 loaded (major 249)
[    2.602316] io scheduler noop registered
[    2.603951] io scheduler deadline registered (default)
[    2.606964] io scheduler cfq registered
[    2.614319] pci_hotplug: PCI Hot Plug PCI Core version: 0.5
[    2.619015] pciehp: PCI Express Hot Plug Controller Driver version: 0.4
[    2.629392] ACPI: AC Adapter [AC] (off-line)
[    2.631040] input: Power Button as /devices/LNXSYSTM:00/LNXPWRBN:00/input/input0
[    2.633546] ACPI: Power Button [PWRF]
[    2.635038] input: Sleep Button as /devices/LNXSYSTM:00/LNXSLPBN:00/input/input1
[    2.639012] ACPI: Sleep Button [SLPF]
[    2.641658] GHES: HEST is not enabled!
[    2.642393] ACPI: Battery Slot [BAT0] (battery present)
[    2.650296] Serial: 8250/16550 driver, 32 ports, IRQ sharing enabled
[    2.677262] 00:02: ttyS0 at I/O 0x3f8 (irq = 4, base_baud = 115200) is a 16550A
[    2.685399] Linux agpgart interface v0.103
[    2.699425] loop: module loaded
[    2.706305] scsi host0: ata_piix
[    2.710730] scsi host1: ata_piix
[    2.712245] ata1: PATA max UDMA/33 cmd 0x1f0 ctl 0x3f6 bmdma 0xd000 irq 14
[    2.724884] ata2: PATA max UDMA/33 cmd 0x170 ctl 0x376 bmdma 0xd008 irq 15
[    2.728467] libphy: Fixed MDIO Bus: probed
[    2.735786] tun: Universal TUN/TAP device driver, 1.6
[    2.760364] tun: (C) 1999-2004 Max Krasnyansky <maxk@qualcomm.com>
[    2.776629] PPP generic driver version 2.4.2
[    2.786562] ehci_hcd: USB 2.0 'Enhanced' Host Controller (EHCI) Driver
[    2.797439] ehci-pci: EHCI PCI platform driver
[    2.799539] ehci-platform: EHCI generic platform driver
[    2.825418] ohci_hcd: USB 1.1 'Open' Host Controller (OHCI) Driver
[    2.845688] ohci-pci: OHCI PCI platform driver
[    2.853246] ohci-platform: OHCI generic platform driver
[    2.871715] uhci_hcd: USB Universal Host Controller Interface driver
[    2.880210] i8042: PNP: PS/2 Controller [PNP0303:PS2K,PNP0f03:PS2M] at 0x60,0x64 irq 1,12
[    2.885704] serio: i8042 KBD port at 0x60,0x64 irq 1
[    2.895541] serio: i8042 AUX port at 0x60,0x64 irq 12
[    2.905025] mousedev: PS/2 mouse device common for all mice
[    2.917593] rtc_cmos rtc_cmos: rtc core: registered rtc_cmos as rtc0
[    2.940391] rtc_cmos rtc_cmos: alarms up to one day, 114 bytes nvram
[    2.956668] i2c /dev entries driver
[    2.958357] input: AT Translated Set 2 keyboard as /devices/platform/i8042/serio0/input/input2
[    2.971027] device-mapper: uevent: version 1.0.3
[    2.980540] device-mapper: ioctl: 4.34.0-ioctl (2015-10-28) initialised: dm-devel@redhat.com
[    2.985177] ledtrig-cpu: registered to indicate activity on CPUs
[    2.993082] NET: Registered protocol family 10
[    2.996387] NET: Registered protocol family 17
[    2.998668] Key type dns_resolver registered
[    3.007818] registered taskstats version 1
[    3.015271] Loading compiled-in X.509 certificates
[    3.019433] Loaded X.509 cert 'Build time autogenerated kernel key: 4eb3d024ac16f76c1747ffd474694c84db21038b'
[    3.046386] zswap: loaded using pool lzo/zbud
[    3.057128] Key type trusted registered
[    3.070786] Key type encrypted registered
[    3.075042] AppArmor: AppArmor sha1 policy hashing enabled
[    3.082778] ima: No TPM chip found, activating TPM-bypass!
[    3.094528] ima: Allocated hash algorithm: sha1
[    3.106212] evm: HMAC attrs: 0x1
[    3.110290]   Magic number: 2:747:432
[    3.122392] rtc_cmos rtc_cmos: setting system clock to 2018-09-13 13:26:50 UTC (1536845210)
[    3.135233] BIOS EDD facility v0.16 2004-Jun-25, 0 devices found
[    3.145203] EDD information not available.
[    3.149041] Freeing unused kernel memory: 1516K
[    3.165543] Write protecting the kernel read-only data: 14336k
[    3.169107] Freeing unused kernel memory: 1672K
[    3.871176] tsc: Refined TSC clocksource calibration: 1600.615 MHz
[    3.874822] clocksource: tsc: mask: 0xffffffffffffffff max_cycles: 0x171269ef260, max_idle_ns: 440795237032 ns
[    3.878916] Freeing unused kernel memory: 92K
Loading, please wait...
starting version[    3.901863] random: systemd-udevd: uninitialized urandom read (16 bytes read, 7 bits of entropy available)
 229
[    3.902636] random: udevadm: uninitialized urandom read (16 bytes read, 7 bits of entropy available)
[    3.902660] random: udevadm: uninitialized urandom read (16 bytes read, 7 bits of entropy available)
[    3.912524] random: udevadm: uninitialized urandom read (16 bytes read, 7 bits of entropy available)
[    3.912572] random: udevadm: uninitialized urandom read (16 bytes read, 7 bits of entropy available)
[    3.912715] random: udevadm: uninitialized urandom read (16 bytes read, 7 bits of entropy available)
[    3.912768] random: udevadm: uninitialized urandom read (16 bytes read, 7 bits of entropy available)
[    3.912819] random: udevadm: uninitialized urandom read (16 bytes read, 7 bits of entropy available)
[    3.912870] random: udevadm: uninitialized urandom read (16 bytes read, 7 bits of entropy available)
[    3.912922] random: udevadm: uninitialized urandom read (16 bytes read, 7 bits of entropy available)
[    4.028031] Fusion MPT base driver 3.04.20
[    4.030408] Copyright (c) 1999-2008 LSI Corporation
[    4.060371] e1000: Intel(R) PRO/1000 Network Driver - version 7.3.21-k8-NAPI
[    4.063503] e1000: Copyright (c) 1999-2006 Intel Corporation.
[    4.063564] AVX2 version of gcm_enc/dec engaged.
[    4.063564] AES CTR mode by8 optimization enabled
[    4.091082] Fusion MPT SPI Host driver 3.04.20
[    4.267087] input: ImExPS/2 Generic Explorer Mouse as /devices/platform/i8042/serio1/input/input4
[    4.550243] e1000 0000:00:03.0 eth0: (PCI:33MHz:32-bit) 02:1d:76:b3:3c:fe
[    4.553921] e1000 0000:00:03.0 eth0: Intel(R) PRO/1000 Network Connection
[    4.560503] mptbase: ioc0: Initiating bringup
[    4.633728] ioc0: LSI53C1030 A0: Capabilities={Initiator}
[    4.799486] scsi host2: ioc0: LSI53C1030 A0, FwRev=00000000h, Ports=1, MaxQ=256, IRQ=20
[    4.914336] scsi 2:0:0:0: Direct-Access     VBOX     HARDDISK         1.0  PQ: 0 ANSI: 5
[    4.943175] scsi target2:0:0: Beginning Domain Validation
[    4.948139] scsi target2:0:0: Domain Validation skipping write tests
[    4.951045] scsi target2:0:0: Ending Domain Validation
[    4.953418] scsi target2:0:0: asynchronous
[    4.957703] scsi 2:0:1:0: Direct-Access     VBOX     HARDDISK         1.0  PQ: 0 ANSI: 5
[    4.974735] scsi target2:0:1: Beginning Domain Validation
[    4.979149] scsi target2:0:1: Domain Validation skipping write tests
[    4.981893] scsi target2:0:1: Ending Domain Validation
[    4.984219] scsi target2:0:1: asynchronous
[    4.998499] sd 2:0:0:0: Attached scsi generic sg0 type 0
[    5.001001] sd 2:0:0:0: [sda] 20971520 512-byte logical blocks: (10.7 GB/10.0 GiB)
[    5.005007] sd 2:0:1:0: Attached scsi generic sg1 type 0
[    5.007991] sd 2:0:0:0: [sda] Write Protect is off
[    5.010363] sd 2:0:1:0: [sdb] 20480 512-byte logical blocks: (10.5 MB/10.0 MiB)
[    5.014045] sd 2:0:1:0: [sdb] Write Protect is off
[    5.016308] sd 2:0:0:0: [sda] Incomplete mode parameter data
[    5.018697] sd 2:0:0:0: [sda] Assuming drive cache: write through
[    5.021916] sd 2:0:1:0: [sdb] Incomplete mode parameter data
[    5.024512] sd 2:0:1:0: [sdb] Assuming drive cache: write through
[    5.029446]  sda: sda1
[    5.031770] sd 2:0:0:0: [sda] Attached SCSI disk
[    5.034124] sd 2:0:1:0: [sdb] Attached SCSI disk
[    5.421636] e1000 0000:00:08.0 eth1: (PCI:33MHz:32-bit) 08:00:27:bf:c8:96
[    5.434812] e1000 0000:00:08.0 eth1: Intel(R) PRO/1000 Network Connection
[    5.439617] e1000 0000:00:03.0 enp0s3: renamed from eth0
[    5.454481] e1000 0000:00:08.0 enp0s8: renamed from eth1
Begin: Loading essential drivers ... [    6.889110] md: linear personality registered for level -1
[    6.898419] md: multipath personality registered for level -4
[    6.907440] md: raid0 personality registered for level 0
[    6.914447] md: raid1 personality registered for level 1
[    6.999099] raid6: sse2x1   gen()  9045 MB/s
[    7.065822] raid6: sse2x1   xor()  6223 MB/s
[    7.141887] raid6: sse2x2   gen()  9956 MB/s
[    7.239139] raid6: sse2x2   xor()  6827 MB/s
[    7.315474] raid6: sse2x4   gen() 13022 MB/s
[    7.389881] raid6: sse2x4   xor()  8358 MB/s
[    7.472981] raid6: avx2x1   gen() 18072 MB/s
[    7.578973] raid6: avx2x2   gen() 18061 MB/s
[    7.655439] raid6: avx2x4   gen() 21759 MB/s
[    7.660864] raid6: using algorithm avx2x4 gen() 21759 MB/s
[    7.663368] raid6: using avx2x2 recovery algorithm
[    7.666866] xor: automatically using best checksumming function:
[    7.705863]    avx       : 23869.000 MB/sec
[    7.717443] async_tx: api initialized (async)
[    7.731483] md: raid6 personality registered for level 6
[    7.734060] md: raid5 personality registered for level 5
[    7.736514] md: raid4 personality registered for level 4
[    7.745312] md: raid10 personality registered for level 10
done.
Begin: Running /scripts/init-premount ... done.
Begin: Mounting root file system ... Begin: Running /scripts/local-top ... done.
Begin: Running /scripts/local-premount ... [    7.834445] Btrfs loaded
Scanning for Btrfs filesystems
done.
Warning: fsck not present, so skipping root file system
[    7.911204] EXT4-fs (sda1): mounted filesystem with ordered data mode. Opts: (null)
done.
Begin: Running /scripts/local-bottom ... done.
Begin: Running /scripts/init-bottom ... done.
[    8.035928] systemd[1]: systemd 229 running in system mode. (+PAM +AUDIT +SELINUX +IMA +APPARMOR +SMACK +SYSVINIT +UTMP +LIBCRYPTSETUP +GCRYPT +GNUTLS +ACL +XZ -LZ4 +SECCOMP +BLKID +ELFUTILS +KMOD -IDN)
[    8.096915] systemd[1]: Detected virtualization oracle.
[    8.104304] systemd[1]: Detected architecture x86-64.

Welcome to [1mUbuntu 16.04.5 LTS[0m!

[    8.117295] systemd[1]: Set hostname to <ubuntu>.
[    8.129725] systemd[1]: Initializing machine ID from random generator.
[    8.145292] systemd[1]: Installed transient /etc/machine-id file.
[    8.303136] systemd[1]: Listening on LVM2 poll daemon socket.
[[0;32m  OK  [0m] Listening on LVM2 poll daemon socket.
[    8.317054] systemd[1]: Reached target Swap.
[[0;32m  OK  [0m] Reached target Swap.
[    8.327197] systemd[1]: Listening on udev Control Socket.
[[0;32m  OK  [0m] Listening on udev Control Socket.
[    8.351625] systemd[1]: Listening on Device-mapper event daemon FIFOs.
[[0;32m  OK  [0m] Listening on Device-mapper event daemon FIFOs.
[    8.372468] systemd[1]: Listening on Journal Socket (/dev/log).
[[0;32m  OK  [0m] Listening on Journal Socket (/dev/log).
[    8.394583] systemd[1]: Created slice System Slice.
[[0;32m  OK  [0m] Created slice System Slice.
[    8.432644] systemd[1]: Created slice system-serial\x2dgetty.slice.
[[0;32m  OK  [0m] Created slice system-serial\x2dgetty.slice.
[    8.506600] systemd[1]: Set up automount Arbitrary Executable File Formats File System Automount Point.
[[0;32m  OK  [0m] Set up automount Arbitrary Executab...ats File System Automount Point.
[    8.539111] systemd[1]: Started Trigger resolvconf update for networkd DNS.
[[0;32m  OK  [0m] Started Trigger resolvconf update for networkd DNS.
[    8.582725] systemd[1]: Listening on Syslog Socket.
[[0;32m  OK  [0m] Listening on Syslog Socket.
[    8.593004] systemd[1]: Reached target Encrypted Volumes.
[[0;32m  OK  [0m] Reached target Encrypted Volumes.
[    8.608830] systemd[1]: Reached target System Time Synchronized.
[[0;32m  OK  [0m] Reached target System Time Synchronized.
[    8.626871] systemd[1]: Listening on Journal Socket.
[[0;32m  OK  [0m] Listening on Journal Socket.
[    8.654472] systemd[1]: Starting Remount Root and Kernel File Systems...
[    8.659694] EXT4-fs (sda1): re-mounted. Opts: (null)
         Starting Remount Root and Kernel File Systems...
[    8.680174] systemd[1]: Starting Set console keymap...
         Starting Set console keymap...
[    8.687493] systemd[1]: Mounting Huge Pages File System...
         Mounting Huge Pages File System...
[    8.695515] systemd[1]: Starting Uncomplicated firewall...
         Starting Uncomplicated firewall...
[    8.710979] systemd[1]: Mounting POSIX Message Queue File System...
         Mounting POSIX Message Queue File System...
[    8.716831] systemd[1]: Listening on /dev/initctl Compatibility Named Pipe.
[[0;32m  OK  [0m] Listening on /dev/initctl Compatibility Named Pipe.
[    8.725328] systemd[1]: Created slice User and Session Slice.
[[0;32m  OK  [0m] Created slice User and Session Slice.
[    8.742611] systemd[1]: Reached target Slices.
[[0;32m  OK  [0m] Reached target Slices.
[    8.749187] systemd[1]: Starting Load Kernel Modules...
         Starting Load Kernel Modules...
[    8.758605] Loading iSCSI transport class v2.0-870.
[    8.767311] systemd[1]: Starting Create list of required static device nodes for the current kernel...
         Starting Create list of required st... nodes for the current kernel...
[    8.777489] systemd[1]: Listening on udev Kernel Socket.
[    8.779728] iscsi: registered transport (tc)

[[0;32m  OK  [0m] Listening on udev Kernel Socket.
[    8.813836] systemd[1]: Mounting Debug File System...
         Mounting Debug File System...
[    8.822009] systemd[1]: Started Forward Password Requests to Wall Directory Watch.
[[0;32m  OK  [0m] Started Forward Password Requests to Wall Directory Watch.
[    8.830323] systemd[1]: Listening on Journal Audit Socket.
[[0;32m  OK  [0m] Listening on Journal Audit Socket.
[    8.849835] systemd[1]: Starting Journal Service...
         Starting Journal Service...
[    8.857863] iscsi: registered transport (iser)
[    8.858027] systemd[1]: Listening on LVM2 metadata daemon socket.
[[0;32m  OK  [0m] Listening on LVM2 metadata daemon socket.
[    8.890218] systemd[1]: Starting Monitoring of LVM2 mirrors, snapshots etc. using dmeventd or progress polling...
[    8.894889] random: nonblocking pool is initialized
         Starting Monitoring of LVM2 mirrors... dmeventd or progress polling...
[    8.900837] systemd[1]: Starting Nameserver information manager...
         Starting Nameserver information manager...
[    8.932355] systemd[1]: Reached target User and Group Name Lookups.
[[0;32m  OK  [0m] Reached target User and Group Name Lookups.
[    8.980056] systemd[1]: Mounted Debug File System.
[[0;32m  OK  [0m] Mounted Debug File System.
[    9.042570] systemd[1]: Mounted Huge Pages File System.
[[0;32m  OK  [0m] Mounted Huge Pages File System.
[    9.078294] systemd[1]: Mounted POSIX Message Queue File System.
[[0;32m  OK  [0m] Mounted POSIX Message Queue File System.
[    9.119220] systemd[1]: Started Journal Service.
[[0;32m  OK  [0m] Started Journal Service.
[[0;32m  OK  [0m] Started Remount Root and Kernel File Systems.
[[0;32m  OK  [0m] Started Set console keymap.
[[0;32m  OK  [0m] Started Uncomplicated firewall.
[[0;32m  OK  [0m] Started Load Kernel Modules.
[[0;32m  OK  [0m] Started Create list of required sta...ce nodes for the current kernel.
[[0;32m  OK  [0m] Started Nameserver information manager.
[[0;32m  OK  [0m] Started LVM2 metadata daemon.
         Starting Create Static Device Nodes in /dev...
         Starting Apply Kernel Variables...
         Mounting FUSE Control File System...
         Starting udev Coldplug all Devices...
         Starting Load/Save Random Seed...
         Starting Flush Journal to Persistent Storage...
[[0;32m  OK  [0m] Mounted FUSE Control File System.
[[0;32m  OK  [0m] Started Create Static Device Nodes in /dev.
[[0;32m  OK  [0m] Started Apply Kernel Variables.
[[0;32m  OK  [0m] Started Load/Save Random Seed.
[[0;32m  OK  [0m] Started udev Coldplug all Devices.
[[0;32m  OK  [0m] Started Flush Journal to Persistent Storage.
         Starting udev Kernel Device Manager...
[[0;32m  OK  [0m] Started udev Kernel Device Manager.
[[0;32m  OK  [0m] Started Dispatch Password Requests to Console Directory Watch.
[[0;32m  OK  [0m] Started Monitoring of LVM2 mirrors,...ng dmeventd or progress polling.
[[0;32m  OK  [0m] Found device /dev/ttyS0.
[[0;32m  OK  [0m] Reached target Local File Systems (Pre).
[[0;32m  OK  [0m] Reached target Local File Systems.
         Starting Commit a transient machine-id on disk...
         Starting Create Volatile Files and Directories...
         Starting Tell Plymouth To Write Out Runtime Data...
         Starting Set console font and keymap...
         Starting Initial cloud-init job (pre-networking)...
         Starting LSB: AppArmor initialization...
[[0;32m  OK  [0m] Started Commit a transient machine-id on disk.
[[0;32m  OK  [0m] Started Create Volatile Files and Directories.
[[0;32m  OK  [0m] Started Tell Plymouth To Write Out Runtime Data.
[[0;32m  OK  [0m] Listening on Load/Save RF Kill Switch Status /dev/rfkill Watch.
         Starting Update UTMP about System Boot/Shutdown...
[[0;32m  OK  [0m] Started Update UTMP about System Boot/Shutdown.
[[0;32m  OK  [0m] Started Set console font and keymap.
[    9.817333] cloud-init[624]: Cloud-init v. 18.3-9-g2e62cb8a-0ubuntu1~16.04.2 running 'init-local' at Thu, 13 Sep 2018 13:26:58 +0000. Up 9.31 seconds.
[[0;32m  OK  [0m] Started Initial cloud-init job (pre-networking).
[[0;32m  OK  [0m] Reached target Network (Pre).
[[0;32m  OK  [0m] Created slice system-getty.slice.
[[0;32m  OK  [0m] Started LSB: AppArmor initialization.
         Starting Raise network interfaces...
[[0;32m  OK  [0m] Started Raise network interfaces.
[[0;32m  OK  [0m] Reached target Network.
         Starting Initial cloud-init job (metadata service crawler)...
[   11.698517] cloud-init[942]: Cloud-init v. 18.3-9-g2e62cb8a-0ubuntu1~16.04.2 running 'init' at Thu, 13 Sep 2018 13:27:00 +0000. Up 11.07 seconds.
[   11.705974] cloud-init[942]: ci-info: ++++++++++++++++++++++++++++++++++++++Net device info+++++++++++++++++++++++++++++++++++++++
[   11.712848] cloud-init[942]: ci-info: +--------+-------+----------------------------+---------------+--------+-------------------+
[   11.725068] cloud-init[942]: ci-info: | Device |   Up  |          Address           |      Mask     | Scope  |     Hw-Address    |
[   11.732948] cloud-init[942]: ci-info: +--------+-------+----------------------------+---------------+--------+-------------------+
[   11.746151] cloud-init[942]: ci-info: | enp0s3 |  True |         10.0.2.15          | 255.255.255.0 | global | 02:1d:76:b3:3c:fe |
[   11.753068] cloud-init[942]: ci-info: | enp0s3 |  True | fe80::1d:76ff:feb3:3cfe/64 |       .       |  link  | 02:1d:76:b3:3c:fe |
[   11.757798] cloud-init[942]: ci-info: | enp0s8 | False |             .              |       .       |   .    | 08:00:27:bf:c8:96 |
[   11.762280] cloud-init[942]: ci-info: |   lo   |  True |         127.0.0.1          |   255.0.0.0   |  host  |         .         |
[   11.766658] cloud-init[942]: ci-info: |   lo   |  True |          ::1/128           |       .       |  host  |         .         |
[   11.771008] cloud-init[942]: ci-info: +--------+-------+----------------------------+---------------+--------+-------------------+
[   11.775295] cloud-init[942]: ci-info: +++++++++++++++++++++++++++Route IPv4 info++++++++++++++++++++++++++++
[   11.779376] cloud-init[942]: ci-info: +-------+-------------+----------+---------------+-----------+-------+
[   11.785850] cloud-init[942]: ci-info: | Route | Destination | Gateway  |    Genmask    | Interface | Flags |
[   11.812770] [[0;32m  OK  [0m] Started Initial cloud-init job (metadata service crawler).
[[0;32m  OK  [0m] Reached target Cloud-config availability.
[[0;32m  OK  [0m] Reached target System Initialization.
         Starting Socket activation for snappy daemon.
[[0;32m  OK  [0m] Started Daily apt download activities.
cloud-init[942]: ci-info: +-------+-------------+----------+---------------+-----------+-------+
[   11.876912] [[0;32m  OK  [0m] Started ACPI Events Check.
cloud-init[942]: ci-info: |   0   |   0.0.0.0   | 10.0.2.2 |    0.0.0.0    |   enp0s3  |   UG  |
[[0;32m  OK  [0m] Reached target Paths.
[[0;32m  OK  [0m] Listening on D-Bus System Message Bus Socket.
[[0;32m  OK  [0m] Started Daily Cleanup of Temporary Directories.
[[0;32m  OK  [0m] Started Daily apt upgrade and clean activities.
[[0;32m  OK  [0m] Reached target Timers.
[   11.880661] cloud-init[942]: ci-info: |   1   |   10.0.2.0  | 0.0.0.0  | 255.255.255.0 |   enp0s3  |   U   |
[   11.923613]          Starting LXD - unix socket.
[[0;32m  OK  [0m] Listening on UUID daemon activation socket.
[[0;32m  OK  [0m] Listening on ACPID Listen Socket.
[[0;32m  OK  [0m] Reached target Network is Online.
cloud-init[942]: ci-info: +-------+-------------+----------+---------------+-----------+-------+
[   11.938527] cloud-init[942]: ci-info: +++++++++++++++++++Route IPv6 info+++++++++++++++++++
[   11.943152] cloud-init[942]: ci-info: +-------+-------------+---------+-----------+-------+
[   11.948468] cloud-init[942]: ci-info: | Route | Destination | Gateway | Interface | Flags |
[   11.948651] cloud-init[942]: ci-info: +-------+-------------+---------+-----------+-------+
[   11.950275]          Starting iSCSI initiator daemon (iscsid)...
cloud-init[942]: ci-info: |   0   |  fe80::/64  |    ::   |   enp0s3  |   U   |
[   11.977512] cloud-init[942]: ci-info: |   3   |   ff00::/8  |    ::   |   enp0s3  |   U   |
[[0;32m  OK  [0m] Listening on Socket activation for snappy daemon.
[   11.992372] [cloud-init[0;32m  OK  [0m[942]: ] ci-info: +-------+-------------+---------+-----------+-------+Listening on LXD - unix socket.

[[0;32m  OK  [0m[   12.033702] cloud-init[942]: Generating public/private rsa key pair.
] Started iSCSI initiator daemon (iscsid).
[   12.036557] cloud-init[942]: Your identification has been saved in /etc/ssh/ssh_host_rsa_key.
[   12.084940]          Starting Login to default iSCSI targets...
[[0;32m  OK  [0m] Reached target Sockets.
[[0;32m  OK  [0m] Reached target Basic System.
cloud-init[942]: Your public key has been saved in /etc/ssh/ssh_host_rsa_key.pub.
[   12.100277]          Starting Virtualbox guest utils...
[cloud-init[0;32m  OK  [0m[942]: ] The key fingerprint is:Started Unattended Upgrades Shutdown.

         Starting LXD - container startup/shutdown...
[   12.115217] [[0;32m  OK  [0m] Started ACPI event daemon.
         Starting Accounts Service...
cloud-init[942]: SHA256:/IFfpR9QXREY2WVasxlhtAyZsJ303gWYiFVVsRKQq3k root@ubuntu-xenial
[   12.148748]          Starting LSB: MD monitoring daemon...
         Starting /etc/rc.local Compatibility...
cloud-init[942]: The key's randomart image is:
[   12.155076] cloud-init[942]: +---[RSA 2048]----+
[[0;32m  OK  [0m] Started Regular background program processing daemon.
[   12.161906]          Starting LSB: Record successful boot for GRUB...
         cloud-init[942]: |         o.==O%%&|
Starting Login Service...
         Starting Pollinate to seed the pseudo random number generator...
[[0;32m  OK  [0m] Started FUSE filesystem for LXC.
[[0;32m  OK  [0m] Started Deferred execution scheduler.
[[0;32m  OK  [0m] Started D-Bus System Message Bus.
[   12.204899] cloud-init[942]: |        . ..**B*O|
[   12.209221] cloud-init[942]: |           .o+oB.|
[   12.221072] cloud-init[942]: |       . . . +o o|
[   12.238237] cloud-init[942]: |        S + o ...|
[   12.245299] cloud-init[942]: |         = E . . |
[   12.249046] cloud-init[942]: |          +   .  |
[   12.255116] cloud-init[942]: |                 |
         Starting System Logging Service...
[   12.275696] cloud-init[942]: |                 |
[   12.283637]          Starting Snappy daemon...
cloud-init[942]: [[0;32m  OK  [0m] Started System Logging Service.
[[0;32m  OK  [0m] Started LXD - container startup/shutdown.
[[0;32m  OK  [0m] Started /etc/rc.local Compatibility.
+----[SHA256]-----+
[   12.321183] cloud-init[942]: Generating public/private dsa key pair.
[   12.342279] cloud-init[942]: Your identification has been saved in /etc/ssh/ssh_host_dsa_key.
[   12.348621] cloud-init[942]: Your public key has been saved in /etc/ssh/ssh_host_dsa_key.pub.
[   12.363535] cloud-init[[0;32m  OK  [0m] Started LSB: MD monitoring daemon.
[942]: The key fingerprint is:
[   12.375715] cloud-init[942]: SHA256:G1pJwGD7ym17H8ZUhB9jTujKX5wjiq4kr84NWuyW9oU root@ubuntu-xenial
[   12.386639] cloud-init[942]: The key's randomart image is:
[   12.390517] cloud-init[942]: +---[DSA 1024]----+
[   12.395250] cloud-init[942]: |    oo.    o.    |
[[0;32m  OK  [0m] Started Login to default iSCSI targets.
[   12.404244] cloud-init[942]: |   . ...  o.=    |
[   12.409310] cloud-init[942]: |    .   .. =.o   |
[   12.411701] cloud-init[942]: |     . . ...o    |
[   12.416500] cloud-init[942]: |      ..S... .   |
[   12.424460] cloud-init[942]: | . . + oo=. =    |
[   12.436444] cloud-init[942]: |  =.E =..o+o .   |
[   12.441387] cloud-init[942]: | =+* o..o...     |
[   12.457480] cloud-init[942]: |.+=o=oo. ..      |
[   12.465681] [[0;32m  OK  [0m] Started LSB: Record successful boot for GRUB.
cloud-init[942]: +----[SHA256]-----+
[[0;32m  OK  [0m] Started Login Service.
[   12.488434] cloud-init[942]: Generating public/private ecdsa key pair.
[   12.505512] cloud-init[942]: Your identification has been saved in /etc/ssh/ssh_host_ecdsa_key.
[   12.516081]          Starting Authenticate and Authorize Users to Run Privileged Tasks...
[[0;32m  OK  [0m] Reached target Remote File Systems (Pre).
cloud-init[942]: Your public key has been saved in /etc/ssh/ssh_host_ecdsa_key.pub.
[   12.546711] [[0;32m  OK  [0m] Reached target Remote File Systems.
cloud-init[942]: The key fingerprint is:
         Starting LSB: daemon to balance interrupts for SMP systems...
         Starting LSB: Set the CPU Frequency Scaling governor to "ondemand"...
         Starting Permit User Sessions...
         Starting LSB: automatic crash report generation...
[   12.566301] [[0;32m  OK  [0m] Started Virtualbox guest utils.
[[0;32m  OK  [0m] Started Permit User Sessions.
[[0;32m  OK  [0m] Started Authenticate and Authorize Users to Run Privileged Tasks.
[[0;32m  OK  [0m] Started Accounts Service.
cloud-init[942]: SHA256:F8p9XZgZgLvRcorFzvjhVWaiuaVusfWUcaZPh5wV9MY root@ubuntu-xenial
[   12.613833] cloud-init[942]: The key's randomart image is:
[   12.620270] cloud-init[942]: +---[ECDSA 256]---+
[   12.623200] cloud-init[942]: |           ...o. |
[   12.630135] cloud-init[942]: |          .    B.|
[   12.636810]          Starting Hold until boot process finishes up...
         Starting Terminate Plymouth Boot Screen...
[[0;32m  OK  [0m] Started LSB: daemon to balance interrupts for SMP systems.
[[0;32m  OK  [0m] Started LSB: Set the CPU Frequency Scaling governor to "ondemand".
[[0;32m  OK  [0m] Started Hold until boot process finishes up.
         Starting Set console scheme...
[[0;32m  OK  [0m] Started Serial Getty on ttyS0.
[[0;32m  OK  [0m] Started Getty on tty1.
[[0;32m  OK  [0m] Reached target Login Prompts.
cloud-init[942]: |         ..o  + E|[[0;32m  OK  [0m] Started Set console scheme.

[   12.675711] [[0;32m  OK  [0m] Started Terminate Plymouth Boot Screen.
cloud-init[942]: |       . o*.+.=o+|
[   12.683369] [[0;32m  OK  [0m] Started LSB: automatic crash report generation.
cloud-init[942]: |        S*oO.*.X |
[   12.693411] cloud-init[942]: |        o.X.+ B o|
[   12.701159] cloud-init[942]: |         o X o o.|
[   12.707422] cloud-init[942]: |          B   . .|
[   12.714290] cloud-init[942]: |         o.      |
[   12.724105] cloud-init[942]: +----[SHA256]-----+
[   12.733919] cloud-init[942]: Generating public/private ed25519 key pair.
[   12.738976] cloud-init[942]: Your identification has been saved in /etc/ssh/ssh_host_ed25519_key.
[   12.744732] cloud-init[942]: Your public key has been saved in /etc/ssh/ssh_host_ed25519_key.pub.
[   12.761288] cloud-init[942]: The key fingerprint is:
[   12.772345] cloud-init[942]: SHA256:Olriw5cSmOONk3WLHRNGDobYdi/4qS/j2EbHtSxu3AQ root@ubuntu-xenial
[   12.779833] cloud-init[942]: The key's randomart image is:
[   12.782850] cloud-init[942]: +--[ED25519 256]--+
[   12.785699] cloud-init[942]: | o .             |
[   12.788383] cloud-init[942]: |. + + .          |
[   12.792562] cloud-init[942]: | . + =           |
[   12.795315] cloud-init[942]: |  . E *          |
[[0;32m  OK  [0m] Started Snappy daemon.
[   12.802941] cloud-init[942]: |   = B oS        |
[   12.809331] cloud-init[942]: |  = O B.         |
[   12.830892] cloud-init[942]: | o %.O+=         |
[   12.831491] cloud-init[942]: | oX.X+*.         |
[   12.833625] cloud-init[942]: |.oo*++           |
[   12.836494] cloud-init[942]: +----[SHA256]-----+
         Starting Wait until snapd is fully seeded...
[[0;32m  OK  [0m] Started Pollinate to seed the pseudo random number generator.
         Starting OpenBSD Secure Shell server...
[[0;32m  OK  [0m] Started OpenBSD Secure Shell server.
[[0;32m  OK  [0m] Started Wait until snapd is fully seeded.
         Starting Apply the settings specified in cloud-config...
[[0;32m  OK  [0m] Reached target Multi-User System.
[[0;32m  OK  [0m] Reached target Graphical Interface.
         Starting Update UTMP about System Runlevel Changes...
[[0;32m  OK  [0m] Started Update UTMP about System Runlevel Changes.
[   15.297540] cloud-init[1267]: Generating locales (this might take a while)...
[   16.157449] cloud-init[1267]:   en_US.UTF-8... done
[   16.161730] cloud-init[1267]: Generation complete.
[   16.467952] cloud-init[1267]: Cloud-init v. 18.3-9-g2e62cb8a-0ubuntu1~16.04.2 running 'modules:config' at Thu, 13 Sep 2018 13:27:04 +0000. Up 15.16 seconds.
[[0;32m  OK  [0m] Started Apply the settings specified in cloud-config.
         Starting Execute cloud user/final scripts...
ci-info: no authorized ssh keys fingerprints found for user ubuntu.
<14>Sep 13 13:27:05 ec2: 
<14>Sep 13 13:27:05 ec2: #############################################################
<14>Sep 13 13:27:05 ec2: -----BEGIN SSH HOST KEY FINGERPRINTS-----
<14>Sep 13 13:27:05 ec2: 1024 SHA256:G1pJwGD7ym17H8ZUhB9jTujKX5wjiq4kr84NWuyW9oU root@ubuntu-xenial (DSA)
<14>Sep 13 13:27:05 ec2: 256 SHA256:F8p9XZgZgLvRcorFzvjhVWaiuaVusfWUcaZPh5wV9MY root@ubuntu-xenial (ECDSA)
<14>Sep 13 13:27:05 ec2: 256 SHA256:Olriw5cSmOONk3WLHRNGDobYdi/4qS/j2EbHtSxu3AQ root@ubuntu-xenial (ED25519)
<14>Sep 13 13:27:05 ec2: 2048 SHA256:/IFfpR9QXREY2WVasxlhtAyZsJ303gWYiFVVsRKQq3k root@ubuntu-xenial (RSA)
<14>Sep 13 13:27:05 ec2: -----END SSH HOST KEY FINGERPRINTS-----
<14>Sep 13 13:27:05 ec2: #############################################################
-----BEGIN SSH HOST KEY KEYS-----
ecdsa-sha2-nistp256 AAAAE2VjZHNhLXNoYTItbmlzdHAyNTYAAAAIbmlzdHAyNTYAAABBBPNfhjYSec14lBRzubFPUzlh7KdBdGItZK6xI0NJ1OF1Mbd0LHOjwlLUW623E+DetYxZ3t90BX+r6axsowZSGjI= root@ubuntu-xenial
ssh-ed25519 AAAAC3NzaC1lZDI1NTE5AAAAIITtScfAblNYGEgFilIbGkcRSCmkqy3wS6jtuiSNIscW root@ubuntu-xenial
ssh-rsa AAAAB3NzaC1yc2EAAAADAQABAAABAQDA+yECHoO7pKN3pZYO+lt9cptDxihvtVl6+luDPor5T5pXUD37a6SyxigoKX9A3L8T9kf/VMd8BNhyN0jTiTpN8e5tAqzKk4YdgVoUCQWHJQ9AgUIf27IjRLSNXCjIrqJCJ/YGU2tncoJbTO13SUiHP3Ks8pBD6ypsStvHHMwNbfeI79l09TbM/Xzoxbp8YigA1ATwLUtG/bZrIv9iHYIxrdcaZOtt5za4UgF4klXzEeKKqGJapAVv4fgGkCNXI0M80mf9F11YnX36xEPQ5MbMt+3DBZ6X+BqWX1P1JC7h9BaKoZqv5w9UK6ay97KJ3iVF66lqCEL0LI6aZZjvPWLB root@ubuntu-xenial
-----END SSH HOST KEY KEYS-----
[   17.452195] cloud-init[1310]: Cloud-init v. 18.3-9-g2e62cb8a-0ubuntu1~16.04.2 running 'modules:final' at Thu, 13 Sep 2018 13:27:05 +0000. Up 16.87 seconds.
[   17.465174] cloud-init[1310]: ci-info: no authorized ssh keys fingerprints found for user ubuntu.
[   17.479455] cloud-init[1310]: Cloud-init v. 18.3-9-g2e62cb8a-0ubuntu1~16.04.2 finished at Thu, 13 Sep 2018 13:27:06 +0000. Datasource DataSourceNoCloud [seed=/dev/sdb][dsmode=net].  Up 17.44 seconds
[[0;32m  OK  [0m] Started Execute cloud user/final scripts.
[[0;32m  OK  [0m] Reached target Cloud-init target.

Ubuntu 16.04.5 LTS ubuntu-xenial ttyS0

ubuntu-xenial login: 