[    0.000000] Initializing cgroup subsys cpuset
[    0.000000] Initializing cgroup subsys cpu
[    0.000000] Initializing cgroup subsys cpuacct
[    .000000 Linux version 4.4.0-134-generic (buildd@lgw01-amd64-033) (gcc version 5.4.0 20160609 (Ubuntu 5.4.0-6ubuntu1~16.04.10) ) #160-Ubuntu SMP Wed Aug 15 14:58:00 UTC 2018 (Ubuntu 4.4.0-134.160-generic 4.4.140)
[    0.000000] Command line: BOOT_IMAGE=/boot/vmlinuz-4.4.0-134-generic root=LABEL=cloudimg-rootfs ro console=tty1 console=ttyS0
[    0.000000] KERNEL supported cpus:
[    0.000000]   Intel GenuineIntel
[    0.000000]   AMD AuthenticAMD
[    0.000000]   Centaur CentaurHauls
[    0.000000] x86/fpu: xstate_offset[2]:  576, xstate_sizes[2]:  256
[    0.000000] x86/fpu:Supporting XAVE feature 0x01: 'x87 floating point registers
[    0.00000] x8/fpu: Supporting XSAVE feature 0x02: 'SSE registers'
[    0.000000] x86/fpu:: Suporting XSAVE feature 0x04: 'AVX registers'
[    0.000000] x86/fpu: Enabled xstate features 0x7, context size is 832 bytes, using 'standard' format.
[    0.000000] e820: BIOS-provided physical RAM map:
[    0.000000] BIOS-e820: [mem 0x0000000000000000-0x000000000009fbff] usable
[    0.000000] BIOS-e820: [mem 0x000000000009fc00-0x000000000009ffff] reserved
    0.000000] BIOS-e820: [mem 0x00000000000f0000-0x00000000000fffff] reserved
[    0.000000] BIOS-e820: [mem 0x0000000000100000-0x000000003ffeffff] usable
[    0.000000] BIOS-e820: [mem 0x000000003fff0000-0x000000003fffffff] ACPI data
[    0.000000] BIOS-e820: [mem 0x00000000fec00000-0x0000000fec00fff] reserved
[    0.000000] BIOS-e820: [mem 0x00000000fee00000-0x00000000fee00fff] reserved
[    0.000000] BIOS-e820: [mem 0x00000000fffc0000-0x00000000ffffffff] reserved
[    0.000000] NX (Execuute Disable) protection: active
[    .000000] SMBIOS 2.5 present.
[    0.000000] Hypervsor detected: KVM
[    0.000000] e820: last_pfn = 0x3fff0 max_arch_pfn = 0x400000000
[    0.00000] MTRR: Disabled
[    0.000000] x86/PAT: MTRRs disabled, skipping PAT initialization too.
[    0.000000] CPU MTRRs all blank - virtualized system.
[    0.000000] x86/PAT: Configuration [0-7]: WB  WT  UC- UC  WB  WT  UC- UC  
[    0.000000] found SMP MP-table at [mem 0x0009fff0-0x0009ffff] mapped at [ffff88000009fff0]
[    0.000000] Scanning 1 areas for low memory corruption
[    0.000000] RAMDISK: [mem 0x3630c000-0x3717dfff]
[    0.000000] ACPI: Early table checksum verification disabled
[    0.000000] ACPI: RSDP 0x00000000000E0000 000024 (v02 VBOX  )
[    0.000000] ACPI: XSDT 0x000000003FFF0030 00003C (v01 VBOX   VBOXXSDT 00000001 ASL  00000061)
[    0.000000] ACPI: FACP 0x000000003FFF00F0 0000F4 (v04 VBOX   VBOXFACP 00000001 ASL  00000061)
[    0.000000] ACPI: DSDT 0x000000003FFF0470 0021FF (v02 VBOX   VBOXBIOS 00000002 INTL 20100528)
[    0.000000] ACPI: FACS 0x000000003FFF0200 000040
[    0.000000] ACPI: FACS 0x000000003FFF0200 000040
[    0.000000] ACPI: APIC 0x000000003FFF0240 00005C (v02 VBOX   VBOXAPIC 00000001 ASL  00000061)
[    0.000000] ACPI: SSDT 0x000000003FFF02A0 0001CC (v01 VBOX   VBOXCPUT 00000002 INTL 20100528)
[    0.000000] No NUMA configuration found
[    0.000000] Faking a node at [mem 0x0000000000000000-0x0000000003ffeffff]
[    0.000000] NODE_DATA(0) allocated [mem 0x3ffeb000-0x3ffeffff]
[    0.00000] kvm-cock: Uing msrs 4b564d01 and 4b564d00
[    0.000000] kvm-clock: cpu 0, msr 0:3ffe3001, primary cpu clock
[    0.000000] kvm-clock: using sched offset of 3986789141 cycles
[    0.000000] clocksource: kvm-clock: mask: 0xffffffffffffffff max_cycles: 0x1cd42e4dffb, max_idle_ns: 881590591483 ns
[    0.000000] Zone ranges:
[    0.000000]   DMA      [mem 0x0000000000001000-0x0000000000ffffff]
[    0.000000]   DMA32    [mem 0x0000000001000000-0x000000003ffeffff]
[    0.000000]   Normal   empty
[    0.000000]   Device   empty
[    0.000000] Movable zone start for each node
[    0.000000] Early memory node ranges
[    0.000000]   node   0: [mem 0x0000000000001000-0x000000000009efff]
[    0.000000]   node   0: [mem 0x0000000000100000-0x000000003fffff]
[    0.000000]  Inimem setup node 0 [mem 0x00000000001000-0x000000003ffeffff]
[    0.000000] ACPI PM-Timer IO Pot: 0x4008
[    .000000] IOAPIC[0]: apic_id 2, version 32, address 0xfec00000, GSI 0-23
[    0.000000] ACPI: INT_SRC_OVR (bus 0 bus_irq 0 gglobal_irq 2 dfl dfl)[    0.00000] ACPI: NT_SRC_OVR (bus 0 bus_irq 9 global_irq 9 low level)
[    0.000000] Using ACPI (MADT) for SMP configuration information
[   0.000000] smpboot: Allowing 2 CPUs, 0 hotplug CPUs
[    0.000000] PM: Registered nosave memory: [mem 0x00000000-0x00000fff]
[    0.000000] PM: Registered nosave memory: [mem 0x0009f000-0x0009ffff]
[    0.000000] PM: Registered nosave memory: [mem 0x000a0000-0x000effff]
[    0.000000] PM: Registered nosave memory: [mem 0x00f0000-0x000fffff]
[    0.000000] e820: [mem 0x40000000-0xfebfffff] available for PCI devices
[    0.000000] Booting paravirtualized kernel on KVM
[    0.000000] clocksource: refined-jiffies: mask: 0xffffffff max_cycles: 0xffffffff, max_idle_ns: 7645519600211568 ns
[    0.000000] setup_percpu: NR_CPUS:512 nr_cpumask_bits:512 nr_cpu_ids:2 nr_node_ids:1
[    0.000000] PERCPU: Embedded 34 pages/cpu @ffff88003fc00000 s99544 r8192 d31528 u1048576
[    0.000000] PV qspinlock hash table entries: 256 (order: 0, 4096 bytes)
[    0.000000] Built 1 zonelists in Node order, mobility grouping on.  Total pages: 257912
[    0.000000] Policy zone: DMA32
[    0.000000] Kernel command line: BOOT_IMAGE=/boot/vmlinuz-4.4.0-134-generic root=LABEL=cloudimg-rootfs ro console=tty1 console=ttyS0
[    0.000000] PID hash table entries: 4096 (order: 3, 32768 bytes)
[    0.000000] Memory: 997724K/1048120K available (8554K kernel code, 1314K rwdata, 4004K rodata, 1516K init, 1316K bss, 50396K reserved, 0K cma-reserved)
[    0.000000] SLUB: HWalign=64, Order=0-3, MinObjects=0, CPUs=2, Nodes=1
[    0.000000] Kernel/User page tables isolation: enabled
[    0.000000] Hierarchical RCU implementation.
[    0.000000] 	Build-time adjustment of leaf fanout to 64.
[    0.000000] 	RCU restricting CPUs from NR_CPUS=512 to nr_cpu_ids=2.
[    0.000000] RCU: Adjusting geometry for rcu_fanout_leaf=64, nr_cpu_ids=2
[    0.000000] NR_IRQS:33024 nr_irqs:440 16
[    0.000000] Console: colour VGA+ 80x25
[    0.000000] console [tty1] enabled
[    0.000000] console [ttyS0] enabled
[    0.000000] tsc: Detected 1599.999 MHz processor
[    0.921463] Calibrating delay loop (skipped) preset value.. 3199.99 BogoMIPS (lpj=6399996)
[    0.925316] pid_max: default: 32768 minimum: 301
[    0.927164] ACPI: Core revision 20150930
[    0.929802] ACPI: 2 ACPI AML tables successfully acquired and loaded
[    0.947310] Security Framework initialized
[    0.959057] Yama: becoming mindful.
[    0.989262] AppArmor: AppArmor initialized
[    0.998554] Dentry cache hash table entries: 131072 (order: 8, 1048576 bytes)
[    1.015279] Inode-cache hash table entries: 65536 (order: 7, 524288 bytes)
[    1.022232] Mount-cache hash table entries: 2048 (order: 2, 16384 bytes)
[    1.028939] Mountpoint-cache hash table entries: 2048 (order: 2, 16384 bytes)
[    1.037109] Initializing cgroup subsys io
[    1.040140] Initializing cgroup subsys memory
[    1.052050] Initializing cgroup subsys devices
[    1.056985] Initializing cgroup subsys freezer
[    1.059414] Initializing cgroup subsys net_cls
[    1.072187] Initializing cgroup subsys perf_event
[    1.074847] Initializing cgroup subsys net_prio
[    1.078277] Initializing cgroup subsys hugetlb
[    1.088221] Initializing cgroup subsys pids
[    1.101725] mce: CPU supports 0 MCE banks
[    1.103786] Last level iTLB entries: 4KB 64, 2MB 8, 4MB 8
[    1.106056] Last level dTLB entries: 4KB 64, 2MB 0, 4MB 0, 1GB 4
[    1.108205] Spectre V2 : Mitigation: Full generic retpoline
[    1.109994] Spectre V2 : Speculation control IBPB not-supported IBRS not-supported
[    1.112511] Speculative Store Bypass: Vulnerable
[    1.117329] Freeing SMP alternatives memory: 32K
[    1.128317] ftrace: allocating 32266 entries in 127 pages
[    1.198932] smpboot: APIC(0) Converting physical 0 to logical package 0
[    1.220313] smpboot: Max logical packages: 1
[    1.244768] x2apic enabled
[    1.246754] Switched APIC routing to physical x2apic.
[    1.250630] ..TIMER: vector=0x30 apic1=0 pin1=2 apic2=-1 pin2=-1
[    1.363992] smpboot: CPU0: Intel(R) Core(TM) i5-5250U CPU @ 1.60GHz (family: 0x6, model: 0x3d, stepping: 0x4)
[    1.368888] Performance Events: unsupported p6 CPU model 61 no PMU driver, software events only.
[    1.373129] KVM setup paravirtual spinlock
[    1.376050] x86: Booting SMP configuration:
[    1.377959] .... node  #0, CPUs:      #1
[    1.382293] kvm-clock: cpu 1, msr 0:3ffe3041, secondary cpu clock
[    1.384990] mce: CPU supports 0 MCE banks
[    1.390452] x86: Booted up 1 node, 2 CPUs
[    1.394010] smpboot: Total of 2 processors activated (6399.99 BogoMIPS)
[    1.402133] devtmpfs: initialized
[    1.406254] evm: security.selinux
[    1.415788] evm: security.SMACK64
[    1.418444] evm: security.SMACK64EXEC
[    1.423697] evm: security.SMACK64TRANSMUTE
[    1.431244] evm: security.SMACK64MMAP
[    1.436137] evm: security.ima
[    1.445314] evm: security.capability
[    1.449936] clocksource: jiffies: mask: 0xffffffff max_cycles: 0xffffffff, max_idle_ns: 7645041785100000 ns
[    1.458992] futex hash table entries: 512 (order: 3, 32768 bytes)
[    1.476587] pinctrl core: initialized pinctrl subsystem
[    1.478682] RTC time: 14:18:12, date: 09/11/18
[    1.480831] NET: Registered protocol family 16
[    1.495277] cpuidle: using governor ladder
[    1.507039] cpuidle: using governor menu
[    1.508563] PCCT header not found.
[    1.510137] ACPI: bus type PCI registered
[    1.512029] acpiphp: ACPI Hot Plug PCI Controller Driver version: 0.5
[    1.514777] PCI: Using configuration type 1 for base access
[    1.535822] ACPI: Added _OSI(Module Device)
[    1.539740] ACPI: Added _OSI(Processor Device)
[    1.547590] ACPI: Added _OSI(3.0 _SCP Extensions)
[    1.555636] ACPI: Added _OSI(Processor Aggregator Device)
[    1.559330] ACPI: Executed 1 blocks of module-level executable AML code
[    1.573154] ACPI: Interpreter enabled
[    1.578423] ACPI: (supports S0 S5)
[    1.583177] ACPI: Using IOAPIC for interrupt routing
[    1.585619] PCI: Using host bridge windows from ACPI; if necessary, use "pci=nocrs" and report a bug
[    1.595045] ACPI: PCI Root Bridge [PCI0] (domain 0000 [bus 00-ff])
[    1.607500] acpi PNP0A03:00: _OSC: OS supports [ASPM ClockPM Segments MSI]
[    1.618512] acpi PNP0A03:00: _OSC: not requesting OS control; OS requires [ExtendedConfig ASPM ClockPM MSI]
[    1.627494] acpi PNP0A03:00: fail to add MMCONFIG information, can't access extended PCI configuration space under this bridge.
[    1.639482] PCI host bridge to bus 0000:00
[    1.641262] pci_bus 0000:00: root bus resource [io  0x0000-0x0cf7 window]
[    1.646605] pci_bus 0000:00: root bus resource [io  0x0d00-0xffff window]
[    1.658899] pci_bus 0000:00: root bus resource [mem 0x000a0000-0x000bffff window]
[    1.668073] pci_bus 0000:00: root bus resource [mem 0x40000000-0xfdffffff window]
[    1.671806] pci_bus 0000:00: root bus resource [bus 00-ff]
[    1.684339] pci 0000:00:01.1: legacy IDE quirk: reg 0x10: [io  0x01f0-0x01f7]
[    1.690952] pci 0000:00:01.1: legacy IDE quirk: reg 0x14: [io  0x03f6]
[    1.701824] pci 0000:00:01.1: legacy IDE quirk: reg 0x18: [io  0x0170-0x0177]
[    1.713651] pci 0000:00:01.1: legacy IDE quirk: reg 0x1c: [io  0x0376]
[    1.741245] pci 0000:00:07.0: quirk: [io  0x4000-0x403f] claimed by PIIX4 ACPI
[    1.769838] pci 0000:00:07.0: quirk: [io  0x4100-0x410f] claimed by PIIX4 SMB
[    1.790861] ACPI: PCI Interrupt Link [LNKA] (IRQs 5 9 10 *11)
[    1.804710] ACPI: PCI Interrupt Link [LNKB] (IRQs 5 9 *10 11)
[    1.808061] ACPI: PCI Interrupt Link [LNKC] (IRQs 5 *9 10 11)
[    1.812065] ACPI: PCI Interrupt Link [LNKD] (IRQs 5 9 10 *11)
[    1.815252] ACPI: Enabled 2 GPEs in block 00 to 07
[    1.818213] vgaarb: setting as boot device: PCI:0000:00:02.0
[    1.820520] vgaarb: device added: PCI:0000:00:02.0,decodes=io+mem,owns=io+mem,locks=none
[    1.823698] vgaarb: loaded
[    1.824832] vgaarb: bridge control possible 0000:00:02.0
[    1.827073] SCSI subsystem initialized
[    1.828829] ACPI: bus type USB registered
[    1.830459] usbcore: registered new interface driver usbfs
[    1.832703] usbcore: registered new interface driver hub
[    1.834733] usbcore: registered new device driver usb
[    1.839025] PCI: Using ACPI for IRQ routing
[    1.841209] NetLabel: Initializing
[    1.842433] NetLabel:  domain hash size = 128
[    1.844084] NetLabel:  protocols = UNLABELED CIPSOv4
[    1.846161] NetLabel:  unlabeled traffic allowed by default
[    1.848514] amd_nb: Cannot enumerate AMD northbridges
[    1.851288] clocksource: Switched to clocksource kvm-clock
[    1.869218] AppArmor: AppArmor Filesystem Enabled
[    1.871508] pnp: PnP ACPI init
[    1.875025] pnp: PnP ACPI: found 3 devices
[    1.890867] clocksource: acpi_pm: mask: 0xffffff max_cycles: 0xffffff, max_idle_ns: 2085701024 ns
[    1.895448] NET: Registered protocol family 2
[    1.898090] TCP establihed ash tablee entries: 8192 (order: 4, 65536 bytes)
[    2.005283] TCP bind hash table entries: 8192 (order: 5,131072 bytes)
[    2.036960] TCP: Hash tables configur (established 819 bind 8192)
[    2128992] UDPhash table entries: 512 (order: 2, 16384 bytes)
[    2.186723] UDP-Lite hash table entries: 512 (order: 2, 16384 bytes)
[    2.189686] NET: Registered protoco family 1
[    2.216949]pci 0000:00:00.0: Limiting direct PCI/PCI transfers
[    2.246305] pci 0000:00:01.0: Activating ISA DMA hang workarounds
[    2.249269] Unpacking initramfs...

[    2.529227] Freeing initrd memory: 14792K
[    2.531169] RAPL PMU detected, API unit is 2^-32 Joules, 4 fixed counters 10737418240 ms ovfl timer
[    2.548850] hw unit of domain pp0-core 2^-0 Joules
[    2.551905] hw unit of domain package 2^-0 Joules
[    2.554181] hw unit of domain dram 2^-0 Joules
[    2.556234] hw unit of domain pp1-gpu 2^-0 Joules
[    2.558431] platform rtc_cmos: registered platform RTC device (no PNP device found)
[    2.562066] Scanning for low memory corruption every 60 seconds
[    2.576926] audit: initializing netlink subsys (disabled)
[    2.580098] audit: type=2000 audit(1536675497.543:1): initialized
[    2.582926] Initialise system trusted keyring
[    2.584828] HugeTLB registered 2 MB page size, pre-allocated 0 pages
[    2.588670] zbud: loaded
[    2.598176] VFS: Disk quotas dquot_6.6.0
[    2.605614] VFS: Dquot-cache hash table entries: 512 (order 0, 4096 bytes)
[    2.611477] squashfs: version 4.0 (2009/01/31) Phillip Lougher
[    2.626470] fuse init (API version 7.23)
[    2.637425] Key type big_key registered
[    2.648570] Allocating IMA MOK and blacklist keyrings.
[    2.656755] Key type asymmetric registered
[    2.658317] Asymmetric key parser 'x509' registered
[    2.660278] Block layer SCSI generic (bsg) driver version 0.4 loaded (major 249)
[    2.663336] io scheduler noop registered
[    2.664725] io scheduler deadline registered (default)
[    2.667112] io scheduler cfq registered
[    2.676028] pci_hotplug: PCI Hot Plug PCI Core version: 0.5
[    2.678817] pciehp: PCI Express Hot Plug Controller Driver version: 0.4
[    2.688561] ACPI: AC Adapter [AC] (off-line)
[    2.690614] input: Power Button as /devices/LNXSYSTM:00/LNXPWRBN:00/input/input0
[    2.694168] ACPI: Power Button [PWRF]
[    2.699551] input: Sleep Button as /devices/LNXSYSTM:00/LNXSLPBN:00/input/input1
[    2.705812] ACPI: Sleep Button [SLPF]
[    2.718943] ACPI: Battery Slot [BAT0] (battery present)
[    2.721445] GHES: HEST is not enabled!
[    2.723302] Serial: 8250/16550 driver, 32 ports, IRQ sharing enabled
[    2.752044] 00:02: ttyS0 at I/O 0x3f8 (irq = 4, base_baud = 115200) is a 16550A
[    2.757312] Linux agpgart interface v0.103
[    2.761801] loop: module loaded
[    2.764051] scsi host0: ata_piix
[    2.767425] scsi host1: ata_piix
[    2.769054] ata1: PATA max UDMA/33 cmd 0x1f0 ctl 0x3f6 bmdma 0xd000 irq 14
[    2.771982] ata2: PATA max UDMA/33 cmd 0x170 ctl 0x376 bmdma 0xd008 irq 15
[    2.776196] libphy: Fixed MDIO Bus: probed
[    2.778204] tun: Universal TUN/TAP device driver, 1.6
[    2.780541] tun: (C) 1999-2004 Max Krasnyansky <maxk@qualcomm.com>
[    2.784659] PPP generic driver version 2.4.2
[    2.788239] ehci_hcd: USB 2.0 'Enhanced' Host Controller (EHCI) Driver
[    2.793544] ehci-pci: EHCI PCI platform driver
[    2.801293] ehci-platform: EHCI generic platform driver
[    2.831905] ohci_hcd: USB 1.1 'Open' Host Controller (OHCI) Driver
[    2.866960] ohci-pci: OHCI PCI platform driver
[    2.918897] ohci-platform: OHCI generic platform driver
[    2.930093] uhci_hcd: USB Universal Host Controller Interface driver
[    2.970682] i8042: PNP: PS/2 Controller [PNP0303:PS2K,PNP0f03:PS2M] at 0x60,0x64 irq 1,12
[    2.980252] serio: i8042 KBD port at 0x60,0x64 irq 1
[    3.008169] serio: i8042 AUX port at 0x60,0x64 irq 12
[    3.010563] mousedev: PS/2 mouse device common for all mice
[    3.014029] rtc_cmos rtc_cmos: rtc core: registered rtc_cmos as rtc0
[    3.045513] input: AT Translated Set 2 keyboard as /devices/platform/i8042/serio0/input/input2
[    3.060545] rtc_cmos rtc_cmos: alarms up to one day, 114 bytes nvram
[    3.060566] i2c /dev entries driver
[    3.060705] device-mapper: uevent: version 1.0.3
[    3.075524] device-mapper: ioctl: 4.34.0-ioctl (2015-10-28) initialised: dm-devel@redhat.com
[    3.075556] ledtrig-cpu: registered to indicate activity on CPUs
[    3.079921] NET: Registered protocol family 10
[    3.080153] NET: Registered protocol family 17
[    3.080167] Key type dns_resolver registered
[    3.080676] registered taskstats version 1
[    3.080693] Loading compiled-in X.509 certificates
[    3.081801] Loaded X.509 cert 'Build time autogenerated kernel key: 4eb3d024ac16f76c1747ffd474694c84db21038b'
[    3.081842] zswap: loaded using pool lzo/zbud
[    3.084994] Key type trusted registered
[    3.090838] Key type encrypted registered
[    3.090849] AppArmor: AppArmor sha1 policy hashing enabled
[    3.090853] ima: No TPM chip found, activating TPM-bypass!
[    3.090860] ima: Allocated hash algorithm: sha1
[    3.090907] evm: HMAC attrs: 0x1
[    3.091775]   Magic number: 2:600:333
[    3.091801] tty tty54: hash matches
[    3.100819] rtc_cmos rtc_cmos: setting system clock to 2018-09-11 14:18:14 UTC (1536675494)
[    3.100987] BIOS EDD facility v0.16 2004-Jun-25, 0 devices found
[    3.100987] EDD information not available.
[    3.202819] Freeing unused kernel memory: 1516K
[    3.555810] tsc: Refined TSC clocksource calibration: 1600.780 MHz
[    3.555812] clocksource: tsc: mask: 0xffffffffffffffff max_cycles: 0x171305c5887, max_idle_ns: 440795254065 ns
[    3.591612] Write protecting the kernel read-only data: 14336k
[    3.594856] Freeing unused kernel memory: 1672K
[    3.597812] Freeing unused kernel memory: 92K
Loading, please wait...
starting version[    3.625598] random: systemd-udevd: uninitialized urandom read (16 bytes read, 5 bits of entropy available)
 229
[    3.625895] random: udevadm: uninitialized urandom read (16 bytes read, 5 bits of entropy available)
[    3.625918] random: udevadm: uninitialized urandom read (16 bytes read, 5 bits of entropy available)
[    3.635998] random: udevadm: uninitialized urandom read (16 bytes read, 5 bits of entropy available)
[    3.636046] random: udevadm: uninitialized urandom read (16 bytes read, 5 bits of entropy available)
[    3.636189] random: udevadm: uninitialized urandom read (16 bytes read, 5 bits of entropy available)
[    3.636242] random: udevadm: uninitialized urandom read (16 bytes read, 5 bits of entropy available)
[    3.636296] random: udevadm: uninitialized urandom read (16 bytes read, 5 bits of entropy available)
[    3.636347] random: udevadm: uninitialized urandom read (16 bytes read, 5 bits of entropy available)
[    3.636396] random: udevadm: uninitialized urandom read (16 bytes read, 5 bits of entropy available)
[    3.829506] e1000: Intel(R) PRO/1000 Network Driver - version 7.3.21-k8-NAPI
[    3.845564] e1000: Copyright (c) 1999-2006 Intel Corporation.
[    3.867159] Fusion MPT base driver 3.04.20
[    3.869046] Copyright (c) 1999-2008 LSI Corporation
[    3.888630] AVX2 version of gcm_enc/dec engaged.
[    3.890931] AES CTR mode by8 optimization enabled
[    3.910077] Fusion MPT SPI Host driver 3.04.20
[    4.082282] input: ImExPS/2 Generic Explorer Mouse as /devices/platform/i8042/serio1/input/input4
[    4.580372] e1000 0000:00:03.0 eth0: (PCI:33MHz:32-bit) 02:1d:76:b3:3c:fe
[    4.596716] e1000 0000:00:03.0 eth0: Intel(R) PRO/1000 Network Connection
[    5.025475] e1000 0000:00:08.0 eth1: (PCI:33MHz:32-bit) 08:00:27:90:fe:d8
[    5.163153] e1000 0000:00:08.0 eth1: Intel(R) PRO/1000 Network Connection
[    5.167125] e1000 0000:00:03.0 enp0s3: renamed from eth0
[    5.167170] mptbase: ioc0: Initiating bringup
[    5.183965] e1000 0000:00:08.0 enp0s8: renamed from eth1
[    5.235958] ioc0: LSI53C1030 A0: Capabilities={Initiator}
[    5.439021] scsi host2: ioc0: LSI53C1030 A0, FwRev=00000000h, Ports=1, MaxQ=256, IRQ=20
[    5.552311] scsi 2:0:0:0: Direct-Access     VBOX     HARDDISK         1.0  PQ: 0 ANSI: 5
[    5.556805] scsi target2:0:0: Beginning Domain Validation
[    5.575483] scsi target2:0:0: Domain Validation skipping write tests
[    5.578244] scsi target2:0:0: Ending Domain Validation
[    5.580661] scsi target2:0:0: asynchronous
[    5.583225] scsi 2:0:1:0: Direct-Access     VBOX     HARDDISK         1.0  PQ: 0 ANSI: 5
[    5.586564] scsi target2:0:1: Beginning Domain Validation
[    5.590946] scsi target2:0:1: Domain Validation skipping write tests
[    5.593492] scsi target2:0:1: Ending Domain Validation
[    5.595818] scsi target2:0:1: asynchronous
[    5.607567] sd 2:0:0:0: Attached scsi generic sg0 type 0
[    5.610193] sd 2:0:0:0: [sda] 20971520 512-byte logical blocks: (10.7 GB/10.0 GiB)
[    5.613551] sd 2:0:1:0: Attached scsi generic sg1 type 0
[    5.613946] sd 2:0:1:0: [sdb] 20480 512-byte logical blocks: (10.5 MB/10.0 MiB)
[    5.614253] sd 2:0:1:0: [sdb] Write Protect is off
[    5.614448] sd 2:0:1:0: [sdb] Incomplete mode parameter data
[    5.614450] sd 2:0:1:0: [sdb] Assuming drive cache: write through
[    5.651790] sd 2:0:0:0: [sda] Write Protect is off
[    5.654660] sd 2:0:1:0: [sdb] Attached SCSI disk
[    5.668021] sd 2:0:0:0: [sda] Incomplete mode parameter data
[    5.680114] sd 2:0:0:0: [sda] Assuming drive cache: write through
[    5.698255]  sda: sda1
[    5.701732] sd 2:0:0:0: [sda] Attached SCSI disk
Begin: Loading essential drivers ... [    7.144551] md: linear personality registered for level -1
[    7.158996] md: multipath personality registered for level -4
[    7.165100] md: raid0 personality registered for level 0
[    7.171926] md: raid1 personality registered for level 1
[    7.247334] raid6: sse2x1   gen()  7136 MB/s
[    7.331372] raid6: sse2x1   xor()  5308 MB/s
[    7.399791] raid6: sse2x2   gen()  8041 MB/s
[    7.471815] raid6: sse2x2   xor()  6358 MB/s
[    7.543322] raid6: sse2x4   gen()  6123 MB/s
[    7.619321] raid6: sse2x4   xor()  6107 MB/s
[    7.687325] raid6: avx2x1   gen() 13324 MB/s
[    7.763307] raid6: avx2x2   gen() 14921 MB/s
[    7.831890] raid6: avx2x4   gen() 16469 MB/s
[    7.841077] raid6: using algorithm avx2x4 gen() 16469 MB/s
[    7.843719] raid6: using avx2x2 recovery algorithm
[    7.847689] xor: automatically using best checksumming function:
[    7.895527]    avx       : 20832.000 MB/sec
[    7.900725] async_tx: api initialized (async)
[    7.917995] md: raid6 personality registered for level 6
[    7.926274] md: raid5 personality registered for level 5
[    7.929869] md: raid4 personality registered for level 4
[    7.953437] md: raid10 personality registered for level 10
done.
Begin: Running /scripts/init-premount ... done.
Begin: Mounting root file system ... Begin: Running /scripts/local-top ... done.
Begin: Running /scripts/local-premount ... [    7.994793] Btrfs loaded
Scanning for Btrfs filesystems
done.
Warning: fsck not present, so skipping root file system
[    8.061152] EXT4-fs (sda1): mounted filesystem with ordered data mode. Opts: (null)
done.
Begin: Running /scripts/local-bottom ... done.
Begin: Running /scripts/init-bottom ... done.
[    8.180364] systemd[1]: systemd 229 runing in system mode (+PM +AUDIT +SELINUX +IMA +APPARMOR +SMACK +SYSVINIT UT +LIBCRPTSETUP +GCRYPT +GNUTLS +ACL +XZ -L4 +SECCOMP +BLKD +ELFUTILS +KMOD -IDN)
[    8.444007] systemd[1]: Detected virtualization oracle.
[    8.446102] systemd[1]: Dtected archiecture x86-64.

Welcome to [1mUbuntu 16.04.5 LTS[0m!

[   8.568407] systemd[1]: Set hosame to <ubuntu>.
[    8.653327] systemd[1]: Initializing machine ID from random generator.
[    8.655503] systemd[1]: Installed transient /etc/machine-id file.

[    9.089488] systemd[1]: Listening on Device-mapper event daemon FIFOs.
[[0;32m  OK  [0m] Listening on Device-mapper event daemon FIFOs.
[    9.095615] systemd[1]: Listening on Journal Sockt.
[[0;32m  OK  [0m] Listening on Journal Socket.
[    9.184730] systemd[1]: Listening on udev Kernel Socket.
[[0;32m  OK  [0m] Listening on udev Kernel Socket.
[    9.548208] systemd[1]: Listening on /dev/initctl Compatibility Named Pipe.
[[0;32m  OK  [0m] Listening on /dev/initctl Compatibility Named Pipe.
[    9.598819] systemd[1]: istening on Journal Audit Socket.
[[0;32m  OK  [0m] Listening on Journal Audit Socket.
[    .630296] systemd[1]: Reached target Encrypted Volumes.
[[0;32m  OK  [0m] Reached target Encrypted Volumes.
[    9.663136] systemd[1]: Listening on LVM2 metadata daemon socket.
[[0;32m  OK  [0m] Listening on LVM2 metadata daemon socket.
[    9.668961] systemd[1]: Reached target Swap.
[[0;32m  OK  [0m] Reached target Swap.
[    9.673752] systemd[1]: Set up automount Arbitrary Executable File Formats File System Automount Point.
[[0;32m  OK  [0m] Set up automount Arbitrary Executab...ats File System Automount Point.
[    .93945] systemd[1]: Reached target System Time Syncronized.
[[0;32m  OK  [0m] Reached target System Time Synchronized.
[   10.037236] systemd]: Listening on Syslog Socket.

[[0;32m  OK  [0m] Listening on Syslog Socket.
[   10.095459] systemd[1]: Listening on udev Control Socket.
[[0;32m  OK  [0m] Listening on udev Control Socket.
[   10.11443] systemd[1]: Started Trigger resolvconf update for networkd DNS.
[[0;32m  OK  [0m] Started Trigger resolvconf update for networkd DNS.
[   10.216735] systemd[1]: Created slice User and Session Slice.
[[0;32m  OK  [0m] Created slice User and Session Slice.
[   10.22413] systemd[]: Created slice System Slice.
[[0;32m  OK  [0m] Created slice System Slice.
[   10.551803] systemd[1]: Starting Monitoring of LVM2 mirrors, snapshots etc. using dmeventd or progress polling...
         Starting Monitoring of LVM2 mirr[   10.576223] random: nonblocking pool is initialized
ors... dmeventd or progress polling...
[   11.176124] systemd[1]: Reached target Slices.
[[0;32m  OK  [0m] Reached target Slices.
[   11.207741] systemd[1]: Starting Nameserver information manager...
         Starting Nameserver information manager...
[   11.214439] systemd[1]: Starting Create list of required static device nodes for the current kernel...
         Starting Create list of required st... nodes for the current kernel...
[   11.225831] systemd[1]: Mounting Huge Pages File System...
         Mounting Huge Pages File System...
[   11.231493] systemd[1]: Created slice system-serial\x2dgetty.slice.
[[0;32m  OK  [0m] Created slice system-serial\x2dgetty.slice.
[   11.255740] systemd[1]: Starting Load Kernel Modules...
         Starting Load Kernel Modules...
[   11.262370] systemd[1]: Starting Remount Root and Kernel File Systems...
[   11.266178] Loading iSCSI transport class v2.0-870.
         Starting Remount Root and Kernel File Systems...
[   11.271910] systemd[1]: Starting Set console keymap...
         Starting Set console keymap...
[   11.280257] EXT4-fs (sda1): re-mounted. Opts: (null)
[   11.281090] systemd[1]: Mounting POSIX Message Queue File System...
         [   11.295704] iscsi: registered transport (tcp)
Mounting POSIX Message Queue File System...
[   11.319473] systemd[1]: Mounting Debug File System...
         Mounting Debug File System...
[   11.329625] systemd[1]: Starting Uncomplicated firewall...
         Starting Uncomplicated firewall...
[   11.342102] systemd[1]: Reached target User and Group Name Lookups.
[[0;32m  OK  [0m] Reached target User and Group Name Lookups.
[   11.349245] systemd[1]: Listening on Journal Socket (/dev/log).
[[0;32m  OK  [0m] Listening on Journal Socket (/dev/log).
[   11.357498] iscsi: registered transport (iser)
[   11.380190] systemd[1]: Starting Journal Service...
         Starting Journal Service...
[   11.397568] systemd[1]: Listening on LVM2 poll daemon socket.
[[0;32m  OK  [0m] Listening on LVM2 poll daemon socket.
[   11.413930] systemd[1]: Started Forward Password Requests to Wall Directory Watch.
[[0;32m  OK  [0m] Started Forward Password Requests to Wall Directory Watch.
[   11.434470] systemd[1]: Mounted Debug File System.
[[0;32m  OK  [0m] Mounted Debug File System.
[   11.451966] systemd[1]: Mounted Huge Pages File System.
[[0;32m  OK  [0m] Mounted Huge Pages File System.
[   11.469271] systemd[1]: Mounted POSIX Message Queue File System.
[[0;32m  OK  [0m] Mounted POSIX Message Queue File System.
[   11.475643] systemd[1]: Started Journal Service.
[[0;32m  OK  [0m] Started Journal Service.
[[0;32m  OK  [0m] Started Create list of required sta...ce nodes for the current kernel.
[[0;32m  OK  [0m] Started Load Kernel Modules.
[[0;32m  OK  [0m] Started Remount Root and Kernel File Systems.
[[0;32m  OK  [0m] Started Set console keymap.
[[0;32m  OK  [0m] Started Uncomplicated firewall.
[[0;32m  OK  [0m] Started Nameserver information manager.
[[0;32m  OK  [0m] Started LVM2 metadata daemon.
         Starting udev Coldplug all Devices...
         Starting Load/Save Random Seed...
         Mounting FUSE Control File System...
         Starting Apply Kernel Variables...
         Starting Create Static Device Nodes in /dev...
         Starting Flush Journal to Persistent Storage...
[[0;32m  OK  [0m] Mounted FUSE Control File System.
[[0;32m  OK  [0m] Started Monitoring of LVM2 mirrors,...ng dmeventd or progress polling.
[[0;32m  OK  [0m] Started Load/Save Random Seed.
[[0;32m  OK  [0m] Started Apply Kernel Variables.
[[0;32m  OK  [0m] Started Create Static Device Nodes in /dev.
[[0;32m  OK  [0m] Started udev Coldplug all Devices.
[[0;32m  OK  [0m] Started Flush Journal to Persistent Storage.
         Starting udev Kernel Device Manager...
[[0;32m  OK  [0m] Started udev Kernel Device Manager.
[[0;32m  OK  [0m] Reached target Local File Systems (Pre).
[[0;32m  OK  [0m] Reached target Local File Systems.
         Starting LSB: AppArmor initialization...
         Starting Set console font and keymap...
         Starting Tell Plymouth To Write Out Runtime Data...
         Starting Create Volatile Files and Directories...
         Starting Initial cloud-init job (pre-networking)...
         Starting Commit a transient machine-id on disk...
[[0;32m  OK  [0m] Started Dispatch Password Requests to Console Directory Watch.
[[0;32m  OK  [0m] Started Tell Plymouth To Write Out Runtime Data.
[[0;32m  OK  [0m] Started Create Volatile Files and Directories.
[[0;32m  OK  [0m] Started Commit a transient machine-id on disk.
         Starting Update UTMP about System Boot/Shutdown...
[[0;32m  OK  [0m] Started Update UTMP about System Boot/Shutdown.
[[0;32m  OK  [0m] Found device /dev/ttyS0.
[[0;32m  OK  [0m] Listening on Load/Save RF Kill Switch Status /dev/rfkill Watch.
[   12.466580] cloud-init[493]: Cloud-init v. 18.3-9-g2e62cb8a-0ubuntu1~16.04.2 running 'init-local' at Tue, 11 Sep 2018 14:18:24 +0000. Up 11.89 seconds.
[[0;32m  OK  [0m] Started LSB: AppArmor initialization.
[[0;32m  OK  [0m] Started Initial cloud-init job (pre-networking).
[[0;32m  OK  [0m] Started Set console font and keymap.
[[0;32m  OK  [0m] Created slice system-getty.slice.
[[0;32m  OK  [0m] Reached target Network (Pre).
         Starting Raise network interfaces...
[[0;32m  OK  [0m] Started Raise network interfaces.
[[0;32m  OK  [0m] Reached target Network.
         Starting Initial cloud-init job (metadata service crawler)...
[   14.073294] cloud-init[943]: Cloud-init v. 18.3-9-g2e62cb8a-0ubuntu1~16.04.2 running 'init' at Tue, 11 Sep 2018 14:18:26 +0000. Up 13.36 seconds.
[   14.088672] cloud-init[943]: ci-info: ++++++++++++++++++++++++++++++++++++++Net device info+++++++++++++++++++++++++++++++++++++++
[   14.097519] cloud-init[943]: ci-info: +--------+-------+----------------------------+---------------+--------+-------------------+
[   14.109465] cloud-init[943]: ci-info: | Device |   Up  |          Address           |      Mask     | Scope  |     Hw-Address    |
[   14.116725] cloud-init[943]: ci-info: +--------+-------+----------------------------+---------------+--------+-------------------+
[   14.124914] cloud-init[943]: ci-info: | enp0s3 |  True |         10.0.2.15          | 255.255.255.0 | global | 02:1d:76:b3:3c:fe |
[   14.132582] cloud-init[943]: ci-info: | enp0s3 |  True | fe80::1d:76ff:feb3:3cfe/64 |       .       |  link  | 02:1d:76:b3:3c:fe |
[   14.140481] cloud-init[943]: ci-info: | enp0s8 | False |             .              |       .       |   .    | 08:00:27:90:fe:d8 |
[   14.147602] cloud-init[943]: ci-info: |   lo   |  True |         127.0.0.1          |   255.0.0.0   |  host  |         .         |
[   14.165136] cloud-init[943]: ci-info: |   lo   |  True |          ::1/128           |       .       |  host  |         .         |
[[0;32m  OK  [0m] Started Initial cloud-init job (metadata service crawler).
[[0;32m  OK  [0m] Reached target System Initialization.
[[0;32m  OK  [0m] Listening on D-Bus System Message Bus Socket.
[[0;32m  OK  [0m] Listening on ACPID Listen Socket.
[   14.173553] cloud-init[943]: ci-info: +--------+-------+----------------------------+---------------+--------+-------------------+
[[0;32m  OK  [0m] Started ACPI Events Check.
[   14.275804] cloud-init[943]: ci-info: +++++++++++++++++++++++++++Route IPv4 info++++++++++++++++++++++++++++
[   14.332732] cloud-init[943]: ci-info: +-------+-------------+----------+---------------+-----------+-------+
[   14.333485] cloud-init[943]: ci-info: | Route | Destination | Gateway  |    Genmask    | Interface | Flags |
[   14.336982] cloud-init[943]: ci-info: +-------+-------------+----------+---------------+-----------+-------+
[   14.338299] cloud-init[943]: ci-info: |   0   |   0.0.0.0   | 10.0.2.2 |    0.0.0.0    |   enp0s3  |   UG  |
[   14.339621] cloud-init[943]: ci-info: |   1   |   10.0.2.0  | 0.0.0.0  | 255.255.255.0 |   enp0s3  |   U   |
[[0;32m  OK  [0m] Reached target Paths.
[[   14.341651] cloud-init[943]: ci-info: +-------+-------------+----------+---------------+-----------+-------+
[   14.352145] cloud-init[943]: ci-info: +++++++++++++++++++Route IPv6 info+++++++++++++++++++
[0;32m  OK  [0m] Started Daily apt download activities.
         Starting LXD - unix socket.
[   14.354681] cloud-init[943]: ci-info: +-------+-------------+---------+-----------+-------+
[   14.412678] cloud-init[943]: ci-info: | Route | Destination | Gateway | Interface | Flags |
[   14.413742] cloud-init[943]: ci-info: +-------+-------------+---------+-----------+-------+
[[0;32m  OK  [0m] Listening on UUID daemon activation socket.
[[   14.415194] cloud-init[943]: ci-info: |   0   |  fe80::/64  |    ::   |   enp0s3  |   U   |
[   14.480883] cloud-init[0;32m  OK  [0m[943]: ] ci-info: |   3   |   ff00::/8  |    ::   |   enp0s3  |   U   |Started Daily apt upgrade and clean activities.

[   14.482094] cloud-init[943]: ci-info: +-------+-------------+---------+-----------+-------+
[   14.572154] cloud-init[943]: Generating public/private rsa key pair.
         Starting Socket activation for snappy daemon.
[   14.572919] cloud-init[943]: Your identification has been saved in /etc/ssh/ssh_host_rsa_key.
[   14.613454] cloud-init[943]: Your public key has been saved in /etc/ssh/ssh_host_rsa_key.pub.
[   14.614111] cloud-init[943]: The key fingerprint is:
[   14.618131] cloud-init[943]: SHA256:5/NwIL6UBWmtrOgLeSKZzJS8yjRkrBrryFuXyAsxdEI root@ubuntu-xenial
[   14.619140] cloud-init[943]: The key's randomart image is:
[   14.621993] cloud-init[943]: +---[RSA 2048]----+
[   14.622987] cloud-init[943]: | E               |
[   14.626532] cloud-init[943]: |.        o       |
[   14.628293] cloud-init[943]: | o .    + .      |
[[0;32m  OK  [0m] Started Daily Cleanup of Temporary Directories.
[[   14.628823] cloud-init[943]: |+ +    o o       |
[   14.643970] cloud-init[943]: | X      S +      |
[   14.646322] cloud-init[943]: |Bo=....o * .     |
[   14.647523] cloud-init[943]: |*B++oo. + + .    |
[   14.649552] cloud-init[943]: |B++=o  . . =     |
[0;32m  OK  [0m] Reached target Timers.
[   14.651850] cloud-init[943]: |*=..o.  .   .    |
[   14.672342] cloud-init[943]: +----[SHA256]-----+
[   14.673022] cloud-init[943]: Generating public/private dsa key pair.
[[0;32m  OK  [0m] Reached target Cloud-config availability.
[   14.675225] cloud-init[943]: Your identification has been saved in /etc/ssh/ssh_host_dsa_key.
[   14.681186] cloud-init[943]: Your public key has been saved in /etc/ssh/ssh_host_dsa_key.pub.
[[0;32m  OK  [0m] Reached target Network is Online.
[   14.682613] cloud-init[943]: The key fingerprint is:
[   14.830967] cloud-init[943]: SHA256:I0V0XGqBFiEYpRlIjWOTjC/U17Eto/yP3ixmJU+LWCg root@ubuntu-xenial
         [   14.852948] Starting iSCSI initiator daemon (iscsid)...cloud-init
[943]: The key's randomart image is:
[   14.854369] cloud-init[943]: +---[DSA 1024]----+
[   14.859557] cloud-init[943]: | +o=o++o*=o..    |
[   14.861719] cloud-init[943]: |..O.o= +=..o     |
[   14.862966] cloud-init[943]: |.o o+  =..o      |
[   14.863928] cloud-init[943]: |. . . ..o.       |
[   14.866374] cloud-init[943]: | .   oo S        |
[   14.866452] cloud-init[943]: |   E ..+ +       |
[[0;32m  OK  [0m] Listening on LXD - unix socket.
[   14.866521] cloud-init[943]: |    . o.* .      |
[   14.878325] cloud-init[943]: |     . ==o       |
[[0;32m  OK  [0m] Listening on Socket activation for snappy daemon.
[   14.879935] cloud-init[943]: |      +o.+       |
[   14.893367] cloud-init[943]: +----[SHA256]-----+
[   14.917418] cloud-init[943]: Generating public/private ecdsa key pair.
[   14.918150] cloud-init[943]: Your identification has been saved in /etc/ssh/ssh_host_ecdsa_key.
[   14.921486] cloud-init[943]: Your public key has been saved in /etc/ssh/ssh_host_ecdsa_key.pub.
[[0;32m  OK  [0m] Started iSCSI initiator daemon (iscsid).
[   14.922119] cloud-init[943]: The key fingerprint is:
[   14.932316] cloud-init[943]: SHA256:/GZOLXpVtYIymHkuO+0X5KmBRCMSDTrsM0UZHeQ313Y root@ubuntu-xenial
[   14.936410] cloud-init[943]: The key's randomart image is:
[   14.939575] cloud-init[943]: +---[ECDSA 256]---+
[   14.942439] cloud-init[943]: |   =Oo.          |
[   14.955273] cloud-init[943]: |. oo.+ o  .     .|
         Starting Login to default iSCSI targets...
[   14.957752] cloud-init[943]: | + ...oo=. o.E ..|
[   14.963100] cloud-init[943]: |. o   .*o+.o.... |
[   14.963920] cloud-init[943]: | +    . S = ...  |
[   14.966053] cloud-init[943]: |  o    o + =.    |
[   14.967233] cloud-init[943]: |        + O.o    |
[   14.969177] cloud-init[943]: |       o O.o     |
[   14.970301] cloud-init[943]: |        +oo      |
[[0;32m  OK  [0m] Reached target Sockets.
[[   14.971675] cloud-init[943]: +----[SHA256]-----+
[   14.987506] cloud-init[943]: Generating public/private ed25519 key pair.
[0;32m  OK  [0m] Reached target Basic System.
[   14.988781] cloud-init[943]: Your identification has been saved in /etc/ssh/ssh_host_ed25519_key.
[   15.014153] cloud-init[943]: Your public key has been saved in /etc/ssh/ssh_host_ed25519_key.pub.
[   15.039195] cloud-init[943]: The key fingerprint is:
[   15.039759] cloud-init[943]: SHA256:FsB/qqpIinxgmSPcLK178kDDhDInAseZwy26nTwlt2M root@ubuntu-xenial
[   15.041937] cloud-init[943]: The key's randomart image is:
[   15.045646] cloud-init[943]: +--[ED25519 256]--+
         Starting LSB: Record successful boot for GRUB...
[   15.046220] cloud-init[943]: |.o.+ ..          |
[   15.054461] cloud-init[943]: |o.B . ..         |
[[0;32m  OK  [0m] Started FUSE filesystem for LXC.
[   15.065525] cloud-init[943]: |*o.o   ..        |
[   15.074421] cloud-init[943]: |*+. o   ...      |
[   15.074991] cloud-init[943]: |.B*= .  So       |
         Starting LSB: MD monitoring daemon...
[   15.075492] cloud-init[943]: |+O*+E  ..        |
[   15.117352] cloud-init[943]: |oo=o . .         |
[   15.141814] cloud-init[943]: |=+.o  .          |
[   15.142358] cloud-init[943]: |+oBo..           |
[   15.145010] cloud-init[943]: +----[SHA256]-----+
         Starting System Logging Service...
[[0;32m  OK  [0m] Started Unattended Upgrades Shutdown.
[[0;32m  OK  [0m] Started Deferred execution scheduler.
         Starting /etc/rc.local Compatibility...
         Starting Virtualbox guest utils...
         Starting Snappy daemon...
[[0;32m  OK  [0m] Started ACPI event daemon.
[[0;32m  OK  [0m] Started Regular background program processing daemon.
         Starting Pollinate to seed the pseudo random number generator...
         Starting Accounts Service...
         Starting Login Service...
[[0;32m  OK  [0m] Started D-Bus System Message Bus.
         Starting LXD - container startup/shutdown...
[[0;32m  OK  [0m] Started System Logging Service.
[[0;32m  OK  [0m] Started /etc/rc.local Compatibility.
[[0;32m  OK  [0m] Started LSB: Record successful boot for GRUB.
[[0;32m  OK  [0m] Started Login to default iSCSI targets.
[[0;32m  OK  [0m] Started LSB: MD monitoring daemon.
[[0;32m  OK  [0m] Started LXD - container startup/shutdown.
[[0;32m  OK  [0m] Started Login Service.
         Starting Authenticate and Authorize Users to Run Privileged Tasks...
[[0;32m  OK  [0m] Reached target Remote File Systems (Pre).
[[0;32m  OK  [0m] Reached target Remote File Systems.
         Starting Permit User Sessions...
         Starting LSB: automatic crash report generation...
         Starting LSB: daemon to balance interrupts for SMP systems...
         Starting LSB: Set the CPU Frequency Scaling governor to "ondemand"...
[[0;32m  OK  [0m] Started Permit User Sessions.
         Starting Hold until boot process finishes up...
         Starting Terminate Plymouth Boot Screen...
[[0;32m  OK  [0m] Started Snappy daemon.
[[0;32m  OK  [0m] Started Virtualbox guest utils.
[[0;32m  OK  [0m] Started LSB: automatic crash report generation.
[[0;32m  OK  [0m] Started LSB: daemon to balance interrupts for SMP systems.
[[0;32m  OK  [0m] Started Hold until boot process finishes up.
[[0;32m  OK  [0m] Started Terminate Plymouth Boot Screen.
[[0;32m  OK  [0m] Started Authenticate and Authorize Users to Run Privileged Tasks.
[[0;32m  OK  [0m] Started Pollinate to seed the pseudo random number generator.
[[0;32m  OK  [0m] Started Accounts Service.
[[0;32m  OK  [0m] Started LSB: Set the CPU Frequency Scaling governor to "ondemand".
         Starting OpenBSD Secure Shell server...
[[0;32m  OK  [0m] Started Getty on tty1.
         Starting Set console scheme...
[[0;32m  OK  [0m] Started Serial Getty on ttyS0.
[[0;32m  OK  [0m] Reached target Login Prompts.
         Starting Wait until snapd is fully seeded...
[[0;32m  OK  [0m] Started OpenBSD Secure Shell server.
[[0;32m  OK  [0m] Started Set console scheme.
[[0;32m  OK  [0m] Started Wait until snapd is fully seeded.
[[0;32m  OK  [0m] Reached target Multi-User System.
[[0;32m  OK  [0m] Reached target Graphical Interface.
         Starting Update UTMP about System Runlevel Changes...
         Starting Apply the settings specified in cloud-config...
[[0;32m  OK  [0m] Started Update UTMP about System Runlevel Changes.
[   16.842360] cloud-init[1268]: Generating locales (this might take a while)...
[   17.692920] cloud-init[1268]:   en_US.UTF-8... done
[   17.706207] cloud-init[1268]: Generation complete.
[   18.020205] cloud-init[1268]: Cloud-init v. 18.3-9-g2e62cb8a-0ubuntu1~16.04.2 running 'modules:config' at Tue, 11 Sep 2018 14:18:29 +0000. Up 16.70 seconds.
[[0;32m  OK  [0m] Started Apply the settings specified in cloud-config.
         Starting Execute cloud user/final scripts...
ci-info: no authorized ssh keys fingerprints found for user ubuntu.
<14>Sep 11 14:18:31 ec2: 
<14>Sep 11 14:18:31 ec2: #############################################################
<14>Sep 11 14:18:31 ec2: -----BEGIN SSH HOST KEY FINGERPRINTS-----
<14>Sep 11 14:18:31 ec2: 1024 SHA256:I0V0XGqBFiEYpRlIjWOTjC/U17Eto/yP3ixmJU+LWCg root@ubuntu-xenial (DSA)
<14>Sep 11 14:18:31 ec2: 256 SHA256:/GZOLXpVtYIymHkuO+0X5KmBRCMSDTrsM0UZHeQ313Y root@ubuntu-xenial (ECDSA)
<14>Sep 11 14:18:31 ec2: 256 SHA256:FsB/qqpIinxgmSPcLK178kDDhDInAseZwy26nTwlt2M root@ubuntu-xenial (ED25519)
<14>Sep 11 14:18:31 ec2: 2048 SHA256:5/NwIL6UBWmtrOgLeSKZzJS8yjRkrBrryFuXyAsxdEI root@ubuntu-xenial (RSA)
<14>Sep 11 14:18:31 ec2: -----END SSH HOST KEY FINGERPRINTS-----
<14>Sep 11 14:18:31 ec2: #############################################################
-----BEGIN SSH HOST KEY KEYS-----
ecdsa-sha2-nistp256 AAAAE2VjZHNhLXNoYTItbmlzdHAyNTYAAAAIbmlzdHAyNTYAAABBBJlTRPKE8sP+Q8uphoHpBgZsQw5vEUK5Fd5ai6SprNtYJP8ouLBFFM1qJJMM/A86Ijn3TRHoo1zkp2yz/Xjw1ME= root@ubuntu-xenial
ssh-ed25519 AAAAC3NzaC1lZDI1NTE5AAAAIAzeoce7J+Gna7qzPrWNhIMlToD4OluoE1rmu2HftiS/ root@ubuntu-xenial
ssh-rsa AAAAB3NzaC1yc2EAAAADAQABAAABAQCuADmdwtcFrXeMnmBe8SX+4Z2ln9k1U25tPglgkfaT4LINj2CtaBDKZCEws6Vo5fCdJ2b7sAyBATs5Y9y/SA1m7/cKTRM3GhA+dgieAF0vPNOYTyAt6o74CFEzqj3rOZLs4D6JVhkAk/hin1nJO4PxxuFDejnLK+FSdaazyp4SoVWSHAtjGb+CXk6VOVCuOnTv/VlvoZUr2HOOrqNg2ojq3WCZAqiS4yaJmRk0te7EheH5wVyaTtH/IoG9G/9/fJeRQPTedGdqwJ+dTp8KJS6M+yZ/ZTOC8lPFT0XGKQYYVHuLy6gBhS2NNq5k7Zu5vWl69qBe/bNuySVB/yhRyd9P root@ubuntu-xenial
-----END SSH HOST KEY KEYS-----
[   18.619615] cloud-init[1308]: Cloud-init v. 18.3-9-g2e62cb8a-0ubuntu1~16.04.2 running 'modules:final' at Tue, 11 Sep 2018 14:18:31 +0000. Up 18.37 seconds.
[   18.626152] cloud-init[1308]: ci-info: no authorized ssh keys fingerprints found for user ubuntu.
[   18.632874] cloud-init[1308]: Cloud-init v. 18.3-9-g2e62cb8a-0ubuntu1~16.04.2 finished at Tue, 11 Sep 2018 14:18:31 +0000. Datasource DataSourceNoCloud [seed=/dev/sdb][dsmode=net].  Up 18.61 seconds
[[0;32m  OK  [0m] Started Execute cloud user/final scripts.
[[0;32m  OK  [0m] Reached target Cloud-init target.

Ubuntu 16.04.5 LTS ubuntu-xenial ttyS0

ubuntu-xenial login: 